✔ [9102/9172] Built ZiskFv.Compliance.AddFaithfulPaddedWitness (7.3s)
✔ [9103/9172] Built ZiskFv.Compliance.RegisterBoundaryAnchorNonvacuity (3.0s)
✔ [9104/9172] Built Extraction.Main (11s)
✔ [9105/9172] Built ZiskFv.Compliance.JalrSpinWitness (11s)
✔ [9106/9172] Built ZiskFv.Compliance.AddAddiSpinWitness (14s)
✔ [9108/9172] Built ZiskFv.Compliance.TraceLevelExport.RawProgramBindingRegister (24s)
✔ [9109/9172] Built ZiskFv.Compliance.TraceLevelExport.SailRetireChain (31s)
✔ [9112/9172] Built ZiskFv.Compliance.SdLdSpinWitness (18s)
✔ [9113/9172] Built ZiskFv.Compliance.TraceLevelExport.RegisterFileAgreement (8.9s)
✔ [9114/9172] Built ZiskFv.Compliance.TraceLevelExport.RawProgramBindingMext (27s)
✔ [9115/9172] Built ZiskFv.Compliance.TraceLevelExport.RegisterCoverageBridge (12s)
✔ [9116/9172] Built ZiskFv.Compliance.TraceLevelExport (3.5s)
✔ [9117/9172] Built ZiskFv.Compliance.TraceLevelExport.RawProgramBindingControl (33s)
✔ [9119/9172] Built ZiskFv.Compliance.TraceLevelExport.RawProgramBindingImmediate (33s)
✔ [9120/9172] Built ZiskFv.Compliance.DivSpinWitness.Definitions (29s)
✔ [9121/9172] Built ZiskFv.Compliance.TraceLevelExport.RawProgramBindingJalr (9.4s)
✔ [9122/9172] Built ZiskFv.Compliance.DivSpinWitness.Constraints (7.9s)
✔ [9123/9172] Built ZiskFv.Compliance.TraceLevelExport.RawProgramBindingCopyb (14s)
✔ [9124/9172] Built ZiskFv.Compliance.DivSpinWitness.OpBusArithInteractions (7.5s)
✔ [9125/9172] Built ZiskFv.Compliance.DivSpinWitness.OpBusMainInteractions (4.6s)
✔ [9126/9172] Built ZiskFv.Compliance.DivSpinWitness.OpBusEmptyInteractions (3.0s)
✔ [9127/9172] Built ZiskFv.Compliance.TraceLevelExport.RawProgramBindingLoadStore (29s)
✔ [9129/9172] Built ZiskFv.Compliance.DivSpinWitness.OpBusStaticInteractions (3.8s)
✔ [9130/9172] Built ZiskFv.Compliance.DivSpinWitness.OpBusPairBase (3.9s)
✔ [9131/9172] Built ZiskFv.Compliance.DivSpinWitness.OpBusChunks (3.9s)
✔ [9132/9172] Built ZiskFv.Compliance.TraceLevelExport.RawProgramBindingNonvacuity (22s)
✔ [9134/9172] Built ZiskFv.Soundness (9.6s)
✔ [9135/9172] Built ZiskFv.Compliance.TraceLevelExport.RawProgramBindingMemoryNonvacuity (10s)
✔ [9136/9172] Built ZiskFv.Compliance.DivSpinWitness.OpBusArithPrimary (4.2s)
✔ [9137/9172] Built ZiskFv.Compliance.DivSpinWitness.OpBusRemainder (4.5s)
✔ [9138/9172] Built ZiskFv.Audit (8.3s)
✔ [9139/9172] Built ZiskFv.Compliance.DivSpinWitness.OpBusAddiX1 (4.2s)
✔ [9140/9172] Built ZiskFv.Compliance.MemoryRawRootSoundness (10s)
✔ [9141/9172] Built ZiskFv.Compliance.AddFaithfulPaddedRootSoundness (11s)
✔ [9142/9172] Built ZiskFv.Compliance.DivSpinWitness.OpBusAddiX2 (3.9s)
✔ [9143/9172] Built ZiskFv.Compliance.SdLdSpinRootSoundness (13s)
✔ [9144/9172] Built ZiskFv.Compliance.JalrSpinRootSoundness (13s)
✔ [9145/9172] Built ZiskFv.Compliance.AddSpinRootSoundness (16s)
✔ [9146/9172] Built ZiskFv.Compliance.AddAddiSpinRootSoundness (16s)
✔ [9147/9172] Built ZiskFv.Compliance.DivSpinWitness.OpBusJal (3.8s)
✔ [9148/9172] Built ZiskFv.Compliance.DivSpinWitness.OpBusReordered (3.7s)
✔ [9149/9172] Built ZiskFv.Compliance.DivSpinWitness.OpBusWitnessPerm (3.7s)
✔ [9150/9172] Built ZiskFv.Compliance.DivSpinWitness.OpBusComposition (3.4s)
✔ [9151/9172] Built ZiskFv.Compliance.DivSpinWitness.OpBusBalance (3.2s)
✔ [9152/9172] Built ZiskFv.Compliance.DivSpinWitness.MemBusMainInteractions (5.7s)
✔ [9153/9172] Built ZiskFv.Compliance.DivSpinWitness.MemBusHistories (3.8s)
✔ [9154/9172] Built ZiskFv.Compliance.DivSpinWitness.MemBusReduced (5.4s)
✔ [9155/9172] Built ZiskFv.Compliance.DivSpinWitness.MemBusPermutation (4.0s)
✔ [9156/9172] Built ZiskFv.Compliance.DivSpinWitness.MemBusBalance (3.9s)
✔ [9157/9172] Built ZiskFv.Compliance.DivSpinWitness.ChannelsBalance (4.5s)
✔ [9158/9172] Built ZiskFv.Compliance.DivSpinWitness.Balance (3.3s)
✔ [9159/9172] Built ZiskFv.Compliance.DivSpinWitness.Acceptance (3.9s)
✔ [9160/9172] Built ZiskFv.Compliance.DivSpinWitness (3.1s)
✔ [9161/9172] Built ZiskFv.Compliance.DivSpinRootSoundness.State (4.0s)
✔ [9162/9172] Built ZiskFv.Compliance.DivSpinRootSoundness.Decode (4.0s)
✔ [9163/9172] Built ZiskFv.Compliance.DivSpinRootSoundness.ProgramDecodes (4.0s)
✔ [9164/9172] Built ZiskFv.Compliance.DivSpinRootSoundness.AddiInputs (3.8s)
✔ [9165/9172] Built ZiskFv.Compliance.DivSpinRootSoundness.DivInputs (5.1s)
✔ [9166/9172] Built ZiskFv.Compliance.DivSpinRootSoundness.JalDispatch (3.6s)
✔ [9167/9172] Built ZiskFv.Compliance.DivSpinRootSoundness.Facts (2.0s)
✔ [9168/9172] Built ZiskFv.Compliance.DivSpinRootSoundness.DefectExclusions (3.9s)
✔ [9169/9172] Built ZiskFv.Compliance.DivSpinRootSoundness.Final (5.5s)
✔ [9170/9172] Built ZiskFv.Compliance.DivSpinRootSoundness (3.2s)
