✔ [8757/9172] Built Extraction.MemAlignByte (4.1s)
✔ [8758/9172] Built Extraction.MemAlignWriteByte (4.2s)
✔ [8759/9172] Built Extraction.Mem (4.3s)
✔ [8760/9172] Built Extraction.MemAlign (4.5s)
✔ [8761/9172] Built Extraction.LookupWiring (8.8s)
✔ [8762/9172] Built Extraction.Main (10s)
✔ [8763/9172] Built ZiskFv.AirsClean.MemAlignMirrorWeld (6.1s)
✔ [8793/9172] Built ZiskFv.AirsClean.MemAlignByteMirrorWeld (8.2s)
✔ [8794/9172] Built ZiskFv.AirsClean.MemAlign.Bridge (4.7s)
✔ [8797/9172] Built ZiskFv.AirsClean.Binary.Wiring (8.7s)
✔ [8798/9172] Built ZiskFv.AirsClean.MainMirrorWeld (7.2s)
✔ [8799/9172] Built ZiskFv.Airs.MemoryBus.MemAlignBridge (4.5s)
✔ [8823/9172] Built ZiskFv.EquivCore.Bridge.Mem (3.6s)
✔ [8824/9172] Built ZiskFv.ZiskCircuit.LoadDerivation (5.2s)
✔ [8825/9172] Built ZiskFv.EquivCore.Promises.BinaryExtensionHelpers (4.1s)
✔ [8826/9172] Built ZiskFv.Compliance.SharedBundles (7.0s)
✔ [8862/9172] Built ZiskFv.EquivCore.Bltu (4.4s)
✔ [8863/9172] Built ZiskFv.EquivCore.Bne (4.5s)
✔ [8864/9172] Built ZiskFv.EquivCore.Bgeu (4.6s)
✔ [8865/9172] Built ZiskFv.Compliance.Wrappers.Fence (4.9s)
✔ [8866/9172] Built ZiskFv.EquivCore.Beq (4.9s)
✔ [8867/9172] Built ZiskFv.EquivCore.Rem (4.0s)
✔ [8868/9172] Built ZiskFv.EquivCore.MulW (5.1s)
✔ [8869/9172] Built ZiskFv.EquivCore.MulH (5.2s)
✔ [8870/9172] Built ZiskFv.EquivCore.MulHU (5.2s)
✔ [8871/9172] Built ZiskFv.EquivCore.Bge (5.3s)
✔ [8872/9172] Built ZiskFv.EquivCore.Mul (5.4s)
✔ [8873/9172] Built ZiskFv.EquivCore.Lui (5.5s)
✔ [8874/9172] Built ZiskFv.EquivCore.MulHSU (5.4s)
✔ [8875/9172] Built ZiskFv.EquivCore.Sll (5.6s)
✔ [8876/9172] Built ZiskFv.Compliance.RowProvenance (5.8s)
✔ [8877/9172] Built ZiskFv.EquivCore.Divu (5.8s)
✔ [8878/9172] Built ZiskFv.EquivCore.Blt (5.9s)
✔ [8879/9172] Built ZiskFv.EquivCore.Jalr (6.3s)
✔ [8880/9172] Built ZiskFv.EquivCore.Auipc (6.3s)
✔ [8881/9172] Built ZiskFv.EquivCore.Slli (6.3s)
✔ [8882/9172] Built ZiskFv.EquivCore.Divw (6.3s)
✔ [8883/9172] Built ZiskFv.EquivCore.Remw (6.3s)
✔ [8884/9172] Built ZiskFv.EquivCore.Jal (6.4s)
✔ [8885/9172] Built ZiskFv.EquivCore.Srl (6.5s)
✔ [8886/9172] Built ZiskFv.EquivCore.Remu (6.8s)
✔ [8887/9172] Built ZiskFv.EquivCore.Addw (6.9s)
✔ [8888/9172] Built ZiskFv.EquivCore.Div (6.9s)
✔ [8889/9172] Built ZiskFv.EquivCore.Srli (7.0s)
✔ [8890/9172] Built ZiskFv.EquivCore.Add (7.6s)
✔ [8891/9172] Built ZiskFv.EquivCore.Sraiw (8.4s)
✔ [8892/9172] Built ZiskFv.EquivCore.Sraw (8.9s)
✔ [8893/9172] Built ZiskFv.Compliance.Wrappers.Bltu (4.6s)
✔ [8894/9172] Built ZiskFv.EquivCore.Sra (9.1s)
✔ [8895/9172] Built ZiskFv.EquivCore.Srai (9.1s)
✔ [8896/9172] Built ZiskFv.Compliance.Wrappers.Bne (4.7s)
✔ [8897/9172] Built ZiskFv.EquivCore.Srliw (9.5s)
✔ [8898/9172] Built ZiskFv.Equivalence.Fence (4.8s)
✔ [8899/9172] Built ZiskFv.Compliance.Wrappers.Beq (4.8s)
✔ [8900/9172] Built ZiskFv.Compliance.Wrappers.Bgeu (5.2s)
✔ [8901/9172] Built ZiskFv.EquivCore.Slliw (9.9s)
✔ [8902/9172] Built ZiskFv.EquivCore.Srlw (9.9s)
✔ [8903/9172] Built ZiskFv.Compliance.Wrappers.Bge (4.6s)
✔ [8904/9172] Built ZiskFv.EquivCore.Promises.UTypeHelpers (4.2s)
✔ [8905/9172] Built ZiskFv.Compliance.Wrappers.Sll (4.4s)
✔ [8906/9172] Built ZiskFv.Compliance.Wrappers.MulHU (5.2s)
✔ [8907/9172] Built ZiskFv.EquivCore.Promises.JumpHelpers (4.8s)
✔ [8908/9172] Built ZiskFv.EquivCore.Sllw (10s)
✔ [8909/9172] Built ZiskFv.Compliance.Wrappers.Blt (4.9s)
✔ [8910/9172] Built ZiskFv.Compliance.Wrappers.Rem (5.8s)
✔ [8912/9172] Built ZiskFv.Compliance.Wrappers.MulW (5.9s)
✔ [8913/9172] Built ZiskFv.Compliance.Wrappers.Slli (4.9s)
✔ [8914/9172] Built ZiskFv.Compliance.Wrappers.Mul (5.9s)
✔ [8915/9172] Built ZiskFv.Compliance.Wrappers.Srl (4.9s)
✔ [8916/9172] Built ZiskFv.Compliance.Wrappers.Divu (5.7s)
✔ [8917/9172] Built ZiskFv.Compliance.Wrappers.Divw (5.3s)
✔ [8918/9172] Built ZiskFv.Compliance.Wrappers.MulHSU (6.2s)
✔ [8919/9172] Built ZiskFv.Compliance.Wrappers.Remw (5.3s)
✔ [8920/9172] Built ZiskFv.Compliance.Wrappers.Srli (4.0s)
✔ [8921/9172] Built ZiskFv.Compliance.Wrappers.Div (5.3s)
✔ [8922/9172] Built ZiskFv.Compliance.Wrappers.Addw (5.5s)
✔ [8923/9172] Built ZiskFv.Compliance.Wrappers.Remu (5.8s)
✔ [8924/9172] Built ZiskFv.Compliance.Wrappers.Add (5.2s)
✔ [8925/9172] Built ZiskFv.EquivCore.Ori (5.7s)
✔ [8926/9172] Built ZiskFv.EquivCore.Xor (5.7s)
✔ [8927/9172] Built ZiskFv.EquivCore.Subw (6.6s)
✔ [8928/9172] Built ZiskFv.EquivCore.And (5.9s)
✔ [8929/9172] Built ZiskFv.EquivCore.Andi (5.9s)
✔ [8930/9172] Built ZiskFv.EquivCore.Slt (5.9s)
✔ [8931/9172] Built ZiskFv.EquivCore.Or (6.1s)
✔ [8932/9172] Built ZiskFv.EquivCore.Xori (6.1s)
✔ [8933/9172] Built ZiskFv.EquivCore.Sltiu (6.1s)
✔ [8934/9172] Built ZiskFv.Compliance.Wrappers.ShiftRAI (5.2s)
✔ [8935/9172] Built ZiskFv.EquivCore.Sltu (6.2s)
✔ [8936/9172] Built ZiskFv.EquivCore.Addiw (6.0s)
✔ [8937/9172] Built ZiskFv.EquivCore.Slti (6.3s)
✔ [8938/9172] Built ZiskFv.Compliance.Wrappers.MulH (8.9s)
✔ [8939/9172] Built ZiskFv.Compliance.Wrappers.ShiftRA (5.2s)
✔ [8940/9172] Built ZiskFv.Compliance.Wrappers.Sra (5.2s)
✔ [8941/9172] Built ZiskFv.Equivalence.Bltu (5.3s)
✔ [8942/9172] Built ZiskFv.Compliance.Wrappers.Srai (5.2s)
✔ [8943/9172] Built ZiskFv.EquivCore.Bridge.BranchFlag (6.8s)
✔ [8944/9172] Built ZiskFv.Equivalence.Beq (4.8s)
✔ [8945/9172] Built ZiskFv.Equivalence.Bne (5.2s)
✔ [8946/9172] Built ZiskFv.EquivCore.Addi (6.9s)
✔ [8947/9172] Built ZiskFv.EquivCore.Sub (6.9s)
✔ [8948/9172] Built ZiskFv.Compliance.Wrappers.ShiftLI (4.7s)
✔ [8949/9172] Built ZiskFv.Compliance.Wrappers.ShiftRLI (5.1s)
✔ [8950/9172] Built ZiskFv.Equivalence.Bgeu (4.8s)
✔ [8951/9172] Built ZiskFv.Equivalence.Bge (4.8s)
✔ [8952/9172] Built ZiskFv.Compliance.Wrappers.ShiftR (5.1s)
✔ [8953/9172] Built ZiskFv.Compliance.Wrappers.Auipc (5.1s)
✔ [8954/9172] Built ZiskFv.Compliance.Wrappers.Lui (5.0s)
✔ [8959/9172] Built ZiskFv.Equivalence.Sll (5.1s)
✔ [8960/9172] Built ZiskFv.Equivalence.Blt (4.5s)
✔ [8961/9172] Built ZiskFv.Compliance.AeneasBridgeTrust.Extraction.Helpers (9.4s)
✔ [8962/9172] Built ZiskFv.Compliance.Wrappers.Jal (5.0s)
✔ [8963/9172] Built ZiskFv.Compliance.Wrappers.Shift (5.0s)
✔ [8964/9172] Built ZiskFv.Equivalence.MulHU (5.4s)
✔ [8965/9172] Built ZiskFv.Equivalence.Mul (4.6s)
✔ [8966/9172] Built ZiskFv.Compliance.Wrappers.Jalr (5.5s)
✔ [8967/9172] Built ZiskFv.Equivalence.MulW (5.1s)
✔ [8969/9172] Built ZiskFv.Equivalence.Slli (5.0s)
✔ [8970/9172] Built ZiskFv.Equivalence.MulHSU (4.6s)
✔ [8971/9172] Built ZiskFv.Equivalence.Divu (4.7s)
✔ [8972/9172] Built ZiskFv.Equivalence.Srl (4.9s)
✔ [8973/9172] Built ZiskFv.Equivalence.Srli (4.8s)
✔ [8974/9172] Built ZiskFv.Equivalence.Remu (4.7s)
✔ [8975/9172] Built ZiskFv.Equivalence.Addw (5.2s)
✔ [8976/9172] Built ZiskFv.Compliance.Wrappers.Ori (4.4s)
✔ [8977/9172] Built ZiskFv.Compliance.Wrappers.Andi (4.2s)
✔ [8978/9172] Built ZiskFv.Equivalence.Add (5.2s)
✔ [8979/9172] Built ZiskFv.Compliance.Wrappers.Xor (4.7s)
✔ [8980/9172] Built ZiskFv.Compliance.Wrappers.And (4.6s)
✔ [8981/9172] Built ZiskFv.Equivalence.Sraiw (4.5s)
✔ [8982/9172] Built ZiskFv.Compliance.Wrappers.Subw (4.8s)
✔ [8983/9172] Built ZiskFv.Compliance.Wrappers.Slt (4.0s)
✔ [8984/9172] Built ZiskFv.Equivalence.Srai (4.2s)
✔ [8985/9172] Built ZiskFv.Equivalence.Sraw (4.5s)
✔ [8986/9172] Built ZiskFv.Compliance.Wrappers.Xori (5.0s)
✔ [8987/9172] Built ZiskFv.Compliance.Wrappers.Or (5.1s)
✔ [8988/9172] Built ZiskFv.Equivalence.MulH (4.8s)
✔ [8989/9172] Built ZiskFv.Compliance.Wrappers.Addi (4.4s)
✔ [8990/9172] Built ZiskFv.Compliance.Wrappers.Sub (4.5s)
✔ [9005/9172] Built ZiskFv.Compliance.Wrappers.Sltu (5.2s)
✔ [9007/9172] Built ZiskFv.Equivalence.Sra (4.9s)
✔ [9008/9172] Built ZiskFv.Equivalence.Slliw (4.7s)
✔ [9009/9172] Built ZiskFv.Equivalence.Auipc (4.3s)
✔ [9010/9172] Built ZiskFv.Compliance.Wrappers.Slti (5.5s)
✔ [9011/9172] Built ZiskFv.Compliance.Wrappers.Sltiu (5.8s)
✔ [9012/9172] Built ZiskFv.Equivalence.Lui (4.3s)
✔ [9013/9172] Built ZiskFv.Equivalence.Srliw (4.8s)
✔ [9015/9172] Built ZiskFv.Equivalence.Srlw (4.6s)
✔ [9016/9172] Built ZiskFv.Compliance.Wrappers.Addiw (5.9s)
✔ [9018/9172] Built ZiskFv.Compliance.AeneasBridgeTrust.Extraction.Precompiled (4.9s)
✔ [9019/9172] Built ZiskFv.Equivalence.Jal (4.6s)
✔ [9020/9172] Built ZiskFv.Equivalence.Jalr (4.2s)
✔ [9021/9172] Built ZiskFv.Compliance.AeneasBridgeTrust.Extraction.Branch (5.1s)
✔ [9022/9172] Built ZiskFv.Equivalence.Sllw (4.8s)
✔ [9023/9172] Built ZiskFv.Compliance.AeneasBridgeTrust.Extraction.ControlUType (5.3s)
✔ [9024/9172] Built ZiskFv.Compliance.AeneasBridgeTrust.Extraction.Immediate (5.4s)
✔ [9025/9172] Built ZiskFv.Compliance.AeneasBridgeTrust.Extraction.RegisterOp (5.8s)
✔ [9026/9172] Built ZiskFv.Compliance.AeneasBridgeTrust.Extraction.LoadStore (6.4s)
✔ [9027/9172] Built ZiskFv.Equivalence.Andi (4.1s)
✔ [9028/9172] Built ZiskFv.Equivalence.Ori (4.0s)
✔ [9029/9172] Built ZiskFv.Equivalence.Xor (3.9s)
✔ [9030/9172] Built ZiskFv.Equivalence.And (3.8s)
✔ [9031/9172] Built ZiskFv.Compliance.AeneasBridgeTrust.Extraction.DynamicFields (6.8s)
✔ [9032/9172] Built ZiskFv.Equivalence.Slt (3.8s)
✔ [9033/9172] Built ZiskFv.Equivalence.Subw (3.0s)
✔ [9034/9172] Built ZiskFv.Equivalence.Xori (3.8s)
✔ [9035/9172] Built ZiskFv.Equivalence.Or (3.8s)
✔ [9036/9172] Built ZiskFv.Equivalence.Addi (3.9s)
✔ [9037/9172] Built ZiskFv.Equivalence.Sub (3.8s)
✔ [9038/9172] Built ZiskFv.Equivalence.Sltu (3.9s)
✔ [9039/9172] Built ZiskFv.Equivalence.Slti (3.7s)
✔ [9040/9172] Built ZiskFv.Equivalence.Sltiu (3.9s)
✔ [9041/9172] Built ZiskFv.Equivalence.Addiw (3.8s)
✔ [9042/9172] Built ZiskFv.Compliance.AeneasBridgeTrust.Extraction.Dispatch (7.4s)
✔ [9043/9172] Built ZiskFv.Compliance.TraceLevelExport.RawProgramBitfields (16s)
✔ [9044/9172] Built ZiskFv.EquivCore.Divuw (38s)
✔ [9046/9172] Built ZiskFv.EquivCore.Remuw (41s)
✔ [9048/9172] Built ZiskFv.Compliance.AeneasBridgeTrust.Extraction.Totality (13s)
✔ [9049/9172] Built ZiskFv.Compliance.Wrappers.Divuw (4.3s)
✔ [9050/9172] Built ZiskFv.Compliance.Wrappers.Remuw (4.3s)
✔ [9079/9172] Built ZiskFv.Equivalence.Divuw (4.2s)
✔ [9080/9172] Built ZiskFv.Equivalence.Remuw (4.1s)
✔ [9148/9172] Built ZiskFv.Compliance.AeneasBridgeTrust.Extraction.JalrRows (119s)
✔ [9170/9172] Built ZiskFv.Compliance.AeneasBridgeTrust.Extraction (5.2s)
