✔ [8759/9172] Built Extraction.MemAlignReadByte (3.3s)
✔ [8760/9172] Built Extraction.MemAlignWriteByte (3.5s)
✔ [8761/9172] Built Extraction.MemAlignByte (3.6s)
✔ [8763/9172] Built Extraction.Binary (3.0s)
✔ [8764/9172] Built ZiskFv.AirsClean.BinaryMirrorWeld (3.1s)
✔ [8765/9172] Built Extraction.LookupWiring (7.2s)
✔ [8766/9172] Built ZiskFv.AirsClean.Mem.RangeWiring (3.1s)
✔ [8767/9172] Built ZiskFv.AirsClean.MemAlign.Bridge (3.6s)
✔ [8768/9172] Built ZiskFv.AirsClean.Binary.Wiring (7.2s)
✔ [8769/9172] Built ZiskFv.Airs.MemoryBus.MemAlignBridge (3.7s)
✔ [8770/9172] Built ZiskFv.AirsClean.Mem.Constraints (4.5s)
✔ [8771/9172] Built ZiskFv.EquivCore.Bridge.Mem (2.0s)
✔ [8772/9172] Built ZiskFv.ZiskCircuit.LoadDerivation (4.3s)
✔ [8773/9172] Built ZiskFv.EquivCore.Promises.BinaryExtensionHelpers (3.2s)
✔ [8774/9172] Built ZiskFv.Compliance.SharedBundles (6.6s)
✔ [8775/9172] Built ZiskFv.EquivCore.MulHSU (4.3s)
✔ [8776/9172] Built ZiskFv.EquivCore.Lui (4.4s)
✔ [8777/9172] Built ZiskFv.EquivCore.Divu (4.6s)
✔ [8778/9172] Built ZiskFv.EquivCore.Rem (4.6s)
✔ [8779/9172] Built ZiskFv.EquivCore.Mul (4.8s)
✔ [8780/9172] Built ZiskFv.EquivCore.MulHU (4.0s)
✔ [8781/9172] Built ZiskFv.EquivCore.Remu (4.0s)
✔ [8782/9172] Built ZiskFv.EquivCore.Divw (5.0s)
✔ [8783/9172] Built ZiskFv.EquivCore.Slli (5.1s)
✔ [8784/9172] Built ZiskFv.EquivCore.MulW (5.1s)
✔ [8785/9172] Built ZiskFv.EquivCore.Remw (5.1s)
✔ [8786/9172] Built ZiskFv.Compliance.RowProvenance (5.2s)
✔ [8787/9172] Built ZiskFv.EquivCore.Jalr (5.3s)
✔ [8788/9172] Built ZiskFv.EquivCore.MulH (5.2s)
✔ [8789/9172] Built ZiskFv.EquivCore.Srl (5.3s)
✔ [8790/9172] Built ZiskFv.EquivCore.Srli (5.2s)
✔ [8791/9172] Built ZiskFv.EquivCore.Sll (5.4s)
✔ [8792/9172] Built ZiskFv.EquivCore.Div (5.3s)
✔ [8793/9172] Built ZiskFv.EquivCore.Add (5.6s)
✔ [8794/9172] Built ZiskFv.EquivCore.Jal (6.2s)
✔ [8795/9172] Built ZiskFv.EquivCore.Addw (6.2s)
✔ [8796/9172] Built ZiskFv.EquivCore.Srai (8.0s)
✔ [8797/9172] Built ZiskFv.EquivCore.Srliw (8.0s)
✔ [8798/9172] Built ZiskFv.EquivCore.Sra (8.1s)
✔ [8799/9172] Built ZiskFv.EquivCore.Sraw (8.1s)
✔ [8800/9172] Built ZiskFv.EquivCore.Sllw (8.2s)
✔ [8801/9172] Built ZiskFv.EquivCore.Slliw (8.3s)
✔ [8802/9172] Built ZiskFv.AirsClean.Mem.Circuit (14s)
✔ [8803/9172] Built ZiskFv.EquivCore.Sraiw (8.7s)
✔ [8804/9172] Built ZiskFv.EquivCore.Srlw (8.7s)
✔ [8805/9172] Built ZiskFv.EquivCore.Bltu (4.6s)
✔ [8806/9172] Built ZiskFv.EquivCore.Beq (4.7s)
✔ [8807/9172] Built ZiskFv.EquivCore.Auipc (4.8s)
✔ [8808/9172] Built ZiskFv.EquivCore.Bgeu (4.9s)
✔ [8809/9172] Built ZiskFv.EquivCore.Bne (4.0s)
✔ [8810/9172] Built ZiskFv.Compliance.Wrappers.Fence (4.0s)
✔ [8811/9172] Built ZiskFv.EquivCore.Bge (5.1s)
✔ [8812/9172] Built ZiskFv.EquivCore.Blt (5.2s)
✔ [8813/9172] Built ZiskFv.EquivCore.Promises.JumpHelpers (4.7s)
✔ [8814/9172] Built ZiskFv.Compliance.Wrappers.Divu (5.3s)
✔ [8815/9172] Built ZiskFv.Compliance.Wrappers.Remw (4.7s)
✔ [8816/9172] Built ZiskFv.Compliance.Wrappers.MulHU (4.0s)
✔ [8817/9172] Built ZiskFv.EquivCore.Promises.UTypeHelpers (4.8s)
✔ [8818/9172] Built ZiskFv.Compliance.Wrappers.Mul (5.3s)
✔ [8819/9172] Built ZiskFv.Compliance.Wrappers.Slli (5.0s)
✔ [8820/9172] Built ZiskFv.Compliance.Wrappers.Srli (4.9s)
✔ [8821/9172] Built ZiskFv.Compliance.Wrappers.Divw (5.2s)
✔ [8822/9172] Built ZiskFv.Compliance.Wrappers.Rem (5.8s)
✔ [8823/9172] Built ZiskFv.Compliance.Wrappers.Sll (5.2s)
✔ [8824/9172] Built ZiskFv.Compliance.Wrappers.Remu (5.6s)
✔ [8825/9172] Built ZiskFv.Compliance.Wrappers.Div (5.4s)
✔ [8826/9172] Built ZiskFv.Compliance.Wrappers.Srl (5.5s)
✔ [8827/9172] Built ZiskFv.Compliance.Wrappers.MulW (5.7s)
✔ [8828/9172] Built ZiskFv.Compliance.Wrappers.Add (5.4s)
✔ [8829/9172] Built ZiskFv.Compliance.Wrappers.MulHSU (6.7s)
✔ [8830/9172] Built ZiskFv.EquivCore.Slt (5.5s)
✔ [8831/9172] Built ZiskFv.EquivCore.Andi (5.6s)
✔ [8832/9172] Built ZiskFv.EquivCore.Xori (5.6s)
✔ [8833/9172] Built ZiskFv.EquivCore.Or (5.7s)
✔ [8834/9172] Built ZiskFv.EquivCore.Ori (5.8s)
✔ [8835/9172] Built ZiskFv.EquivCore.Sltiu (5.8s)
✔ [8836/9172] Built ZiskFv.Compliance.Wrappers.Addw (5.3s)
✔ [8837/9172] Built ZiskFv.EquivCore.And (5.9s)
✔ [8838/9172] Built ZiskFv.EquivCore.Sltu (6.0s)
✔ [8839/9172] Built ZiskFv.EquivCore.Xor (6.0s)
✔ [8840/9172] Built ZiskFv.EquivCore.Slti (6.0s)
✔ [8841/9172] Built ZiskFv.EquivCore.Addi (6.9s)
✔ [8842/9172] Built ZiskFv.EquivCore.Sub (6.0s)
✔ [8843/9172] Built ZiskFv.Compliance.Wrappers.ShiftRLI (4.8s)
✔ [8844/9172] Built ZiskFv.EquivCore.Bridge.BranchFlag (7.2s)
✔ [8845/9172] Built ZiskFv.Compliance.Wrappers.ShiftRA (4.9s)
✔ [8846/9172] Built ZiskFv.Compliance.Wrappers.Srai (4.0s)
✔ [8847/9172] Built ZiskFv.EquivCore.Addiw (6.8s)
✔ [8848/9172] Built ZiskFv.Compliance.Wrappers.Sra (5.0s)
✔ [8849/9172] Built ZiskFv.Compliance.Wrappers.ShiftLI (4.9s)
✔ [8850/9172] Built ZiskFv.EquivCore.Subw (7.1s)
✔ [8851/9172] Built ZiskFv.Compliance.Wrappers.Shift (5.3s)
✔ [8852/9172] Built ZiskFv.Compliance.Wrappers.ShiftR (5.1s)
✔ [8853/9172] Built ZiskFv.Compliance.Wrappers.Bltu (4.9s)
✔ [8854/9172] Built ZiskFv.Compliance.Wrappers.ShiftRAI (5.2s)
✔ [8855/9172] Built ZiskFv.Compliance.Wrappers.Beq (4.9s)
✔ [8856/9172] Built ZiskFv.Compliance.Wrappers.Bne (4.6s)
✔ [8857/9172] Built ZiskFv.Compliance.Wrappers.MulH (8.8s)
✔ [8858/9172] Built ZiskFv.Compliance.Wrappers.Bgeu (4.0s)
✔ [8859/9172] Built ZiskFv.Compliance.Wrappers.Blt (4.8s)
✔ [8860/9172] Built ZiskFv.Compliance.AeneasBridgeTrust.Extraction.Helpers (9.1s)
✔ [8861/9172] Built ZiskFv.Equivalence.Fence (5.1s)
✔ [8862/9172] Built ZiskFv.Equivalence.Divu (4.5s)
✔ [8863/9172] Built ZiskFv.Compliance.Wrappers.Bge (5.1s)
✔ [8864/9172] Built ZiskFv.Compliance.Wrappers.Jalr (4.0s)
✔ [8865/9172] Built ZiskFv.Equivalence.Slli (4.7s)
✔ [8866/9172] Built ZiskFv.Compliance.Wrappers.Jal (5.1s)
✔ [8867/9172] Built ZiskFv.Equivalence.MulHU (5.1s)
✔ [8868/9172] Built ZiskFv.Equivalence.Mul (4.0s)
✔ [8869/9172] Built ZiskFv.Compliance.Wrappers.Auipc (5.1s)
✔ [8870/9172] Built ZiskFv.Compliance.Wrappers.Lui (5.1s)
✔ [8871/9172] Built ZiskFv.Equivalence.Srli (4.0s)
✔ [8872/9172] Built ZiskFv.Equivalence.Srl (4.5s)
✔ [8873/9172] Built ZiskFv.Equivalence.MulW (4.5s)
✔ [8874/9172] Built ZiskFv.Equivalence.Add (4.3s)
✔ [8875/9172] Built ZiskFv.Equivalence.Sll (4.9s)
✔ [8876/9172] Built ZiskFv.Equivalence.Remu (4.8s)
✔ [8877/9172] Built ZiskFv.Equivalence.MulHSU (4.5s)
✔ [8878/9172] Built ZiskFv.Compliance.Wrappers.Xori (4.7s)
✔ [8879/9172] Built ZiskFv.Compliance.Wrappers.Ori (4.8s)
✔ [8880/9172] Built ZiskFv.Compliance.Wrappers.Slt (5.0s)
✔ [8881/9172] Built ZiskFv.Compliance.Wrappers.Andi (5.0s)
✔ [8882/9172] Built ZiskFv.Compliance.Wrappers.Or (5.2s)
✔ [8883/9172] Built ZiskFv.Equivalence.Addw (5.0s)
✔ [8884/9172] Built ZiskFv.Compliance.Wrappers.And (5.1s)
✔ [8885/9172] Built ZiskFv.Compliance.Wrappers.Xor (5.1s)
✔ [8886/9172] Built ZiskFv.Compliance.Wrappers.Sltu (5.1s)
✔ [8887/9172] Built ZiskFv.Compliance.Wrappers.Sltiu (5.4s)
✔ [8888/9172] Built ZiskFv.Compliance.Wrappers.Slti (5.3s)
✔ [8889/9172] Built ZiskFv.Equivalence.Srliw (4.7s)
✔ [8890/9172] Built ZiskFv.Compliance.Wrappers.Addi (4.0s)
✔ [8891/9172] Built ZiskFv.Compliance.Wrappers.Sub (4.9s)
✔ [8892/9172] Built ZiskFv.Equivalence.Sra (4.7s)
✔ [8893/9172] Built ZiskFv.Equivalence.Sraw (4.8s)
✔ [8894/9172] Built ZiskFv.Equivalence.Bltu (4.1s)
✔ [8895/9172] Built ZiskFv.Equivalence.Srlw (4.2s)
✔ [8896/9172] Built ZiskFv.Equivalence.Srai (5.0s)
✔ [8897/9172] Built ZiskFv.Equivalence.Bgeu (3.0s)
✔ [8898/9172] Built ZiskFv.Equivalence.Sllw (4.6s)
✔ [8899/9172] Built ZiskFv.Equivalence.Bne (4.4s)
✔ [8900/9172] Built ZiskFv.Equivalence.Slliw (5.1s)
✔ [8901/9172] Built ZiskFv.Equivalence.Sraiw (4.5s)
✔ [8902/9172] Built ZiskFv.Equivalence.MulH (4.4s)
✔ [8903/9172] Built ZiskFv.Compliance.Wrappers.Subw (5.3s)
✔ [8904/9172] Built ZiskFv.Compliance.Wrappers.Addiw (5.6s)
✔ [8905/9172] Built ZiskFv.Equivalence.Bge (4.2s)
✔ [8906/9172] Built ZiskFv.Equivalence.Beq (4.9s)
✔ [8907/9172] Built ZiskFv.Equivalence.Jalr (4.3s)
✔ [8908/9172] Built ZiskFv.Equivalence.Jal (4.4s)
✔ [8909/9172] Built ZiskFv.Compliance.AeneasBridgeTrust.Extraction.Branch (4.0s)
✔ [8910/9172] Built ZiskFv.Compliance.AeneasBridgeTrust.Extraction.Precompiled (4.0s)
✔ [8911/9172] Built ZiskFv.Equivalence.Blt (5.0s)
✔ [8912/9172] Built ZiskFv.Compliance.AeneasBridgeTrust.Extraction.ControlUType (5.2s)
✔ [8913/9172] Built ZiskFv.Equivalence.Lui (4.5s)
✔ [8914/9172] Built ZiskFv.AirsClean.Mem.Bridge (11s)
✔ [8915/9172] Built ZiskFv.Equivalence.Auipc (4.7s)
✔ [8916/9172] Built ZiskFv.Equivalence.Xori (3.8s)
✔ [8917/9172] Built ZiskFv.Compliance.AeneasBridgeTrust.Extraction.Immediate (5.6s)
✔ [8918/9172] Built ZiskFv.Equivalence.Slt (3.0s)
✔ [8919/9172] Built ZiskFv.Equivalence.Ori (3.0s)
✔ [8920/9172] Built ZiskFv.Compliance.AeneasBridgeTrust.Extraction.RegisterOp (5.9s)
✔ [8921/9172] Built ZiskFv.Equivalence.Or (3.9s)
✔ [8922/9172] Built ZiskFv.Equivalence.Andi (4.2s)
✔ [8923/9172] Built ZiskFv.Equivalence.Xor (3.9s)
✔ [8924/9172] Built ZiskFv.Equivalence.Sltu (4.0s)
✔ [8925/9172] Built ZiskFv.Equivalence.And (4.1s)
✔ [8926/9172] Built ZiskFv.Compliance.AeneasBridgeTrust.Extraction.LoadStore (6.5s)
✔ [8927/9172] Built ZiskFv.Equivalence.Slti (4.1s)
✔ [8928/9172] Built ZiskFv.Equivalence.Sltiu (4.2s)
✔ [8929/9172] Built ZiskFv.Equivalence.Addi (3.7s)
✔ [8930/9172] Built ZiskFv.Equivalence.Sub (3.8s)
✔ [8931/9172] Built ZiskFv.Compliance.AeneasBridgeTrust.Extraction.DynamicFields (7.0s)
✔ [8932/9172] Built ZiskFv.Equivalence.Addiw (3.5s)
✔ [8933/9172] Built ZiskFv.Equivalence.Subw (3.6s)
✔ [8934/9172] Built ZiskFv.AirsClean.MemMirrorWeld (3.0s)
✔ [8935/9172] Built ZiskFv.AirsClean.FullEnsemble (17s)
✔ [8936/9172] Built ZiskFv.Compliance.AeneasBridgeTrust.Extraction.Dispatch (6.9s)
✔ [8937/9172] Built ZiskFv.EquivCore.Bridge.MemClean (8.9s)
✔ [8938/9172] Built ZiskFv.AirsClean.FullEnsemble.Balance.MemAlignSkippableProve (3.4s)
✔ [8939/9172] Built ZiskFv.Compliance.RangeWiringWitness (4.2s)
✔ [8940/9172] Built ZiskFv.Compliance.TraceLevelExport.RawProgramBitfields (16s)
✔ [8941/9172] Built ZiskFv.AirsClean.FullEnsemble.Balance.Classification (6.6s)
✔ [8942/9172] Built ZiskFv.EquivCore.Sd (3.7s)
✔ [8943/9172] Built ZiskFv.EquivCore.Sw (3.8s)
✔ [8944/9172] Built ZiskFv.EquivCore.Lhu (3.8s)
✔ [8945/9172] Built ZiskFv.EquivCore.Sb (3.8s)
✔ [8946/9172] Built ZiskFv.EquivCore.Lbu (3.9s)
✔ [8947/9172] Built ZiskFv.EquivCore.Lb (3.9s)
✔ [8948/9172] Built ZiskFv.EquivCore.Sh (3.9s)
✔ [8949/9172] Built ZiskFv.EquivCore.Lwu (4.0s)
✔ [8950/9172] Built ZiskFv.EquivCore.Lh (4.0s)
✔ [8951/9172] Built ZiskFv.EquivCore.Ld (4.1s)
✔ [8952/9172] Built ZiskFv.EquivCore.Lw (4.1s)
✔ [8953/9172] Built ZiskFv.AirsClean.FullEnsemble.Balance.CounterpartClassification (4.4s)
✔ [8954/9172] Built ZiskFv.EquivCore.Divuw (39s)
✔ [8955/9172] Built ZiskFv.EquivCore.Remuw (39s)
✔ [8956/9172] Built ZiskFv.Compliance.AeneasBridgeTrust.Extraction.Totality (11s)
✔ [8957/9172] Built ZiskFv.AirsClean.FullEnsemble.Balance.RowExtraction (5.3s)
✔ [8958/9172] Built ZiskFv.Compliance.Wrappers.Divuw (3.6s)
✔ [8959/9172] Built ZiskFv.Compliance.Wrappers.Remuw (3.6s)
✔ [8960/9172] Built ZiskFv.AirsClean.FullEnsemble.Balance.MemAlignRomProviderMatch (3.6s)
✔ [8961/9172] Built ZiskFv.AirsClean.FullEnsemble.Balance.RangeProviderMatch (3.8s)
✔ [8962/9172] Built ZiskFv.AirsClean.FullEnsemble.Balance.MemAlignRangeProviderMatch (3.7s)
✔ [8963/9172] Built ZiskFv.Equivalence.Divuw (3.4s)
✔ [8964/9172] Built ZiskFv.Equivalence.Remuw (3.5s)
✔ [8965/9172] Built ZiskFv.AirsClean.FullEnsemble.Balance.RegisterStepRangeProviderMatch (4.4s)
✔ [8966/9172] Built ZiskFv.AirsClean.FullEnsemble.Balance.OpBusRowBridges (4.6s)
✔ [8967/9172] Built ZiskFv.AirsClean.FullEnsemble.Balance.MemRowReplayProjections (4.4s)
✔ [8968/9172] Built ZiskFv.AirsClean.FullEnsemble.Balance.TableProjections (10s)
✔ [8969/9172] Built ZiskFv.AirsClean.FullEnsemble.Balance.SidecarColumns (3.5s)
✔ [8970/9172] Built ZiskFv.Compliance.Instantiation.ConcreteRowReductions (7.7s)
✔ [8971/9172] Built ZiskFv.AirsClean.FullEnsemble.Balance.RowsBridgeFacts (5.8s)
✔ [8972/9172] Built ZiskFv.Compliance.AcceptedZiskTrace (5.4s)
✔ [8973/9172] Built ZiskFv.Compliance.SdLdMemTable (8.9s)
✔ [8974/9172] Built ZiskFv.Compliance.AcceptedZiskTrace.Spec (3.1s)
✔ [8975/9172] Built ZiskFv.Compliance.AcceptedZiskTrace.MemAlignRanges (3.4s)
✔ [8976/9172] Built ZiskFv.Compliance.AcceptedZiskTrace.MemTable (3.4s)
✔ [8977/9172] Built ZiskFv.Compliance.AcceptedZiskTrace.MemAlignRom (3.4s)
✔ [8978/9172] Built ZiskFv.Compliance.AcceptedZiskTrace.MemSegmentRanges (3.7s)
✔ [8979/9172] Built ZiskFv.AirsClean.FullEnsemble.Balance.TimelineEvidence (12s)
✔ [8980/9172] Built ZiskFv.AirsClean.FullEnsemble.Balance.EmbeddedInTrace (4.9s)
✔ [8981/9172] Built ZiskFv.AirsClean.FullEnsemble.Balance.MemBusRowBridges (9.2s)
✔ [8982/9172] Built ZiskFv.Compliance.RegisterMemBusBalance (30s)
✔ [8983/9172] Built ZiskFv.AirsClean.FullEnsemble.Balance.RegisterChainBridges (4.4s)
✔ [8984/9172] Built ZiskFv.Compliance.SingleAddWitness (4.8s)
✔ [8985/9172] Built ZiskFv.AirsClean.FullEnsemble.Balance (2.0s)
✔ [8986/9172] Built Extraction.MemGeneratedArtifact (3.5s)
✔ [8987/9172] Built ZiskFv.EquivCore.Bridge.MemCleanFullEnsemble (3.6s)
✔ [8988/9172] Built ZiskFv.Compliance.AcceptedZiskTrace.MainTable (3.7s)
✔ [8989/9172] Built ZiskFv.ZiskCircuit.MemTimeline.Linkage (4.0s)
✔ [8990/9172] Built ZiskFv.AirsClean.FullEnsemble.ArithBalance (5.4s)
✔ [8991/9172] Built ZiskFv.AirsClean.FullEnsemble.Balance.MemBusSourceExclusivity (8.3s)
✔ [8992/9172] Built ZiskFv.Compliance.SailTrace (3.3s)
✔ [8993/9172] Built ZiskFv.Compliance.Wrappers.Sd (3.7s)
✔ [8994/9172] Built ZiskFv.Compliance.Wrappers.Ld (3.7s)
✔ [8995/9172] Built ZiskFv.Compliance.Wrappers.Lwu (3.8s)
✔ [8996/9172] Built ZiskFv.Compliance.Wrappers.Sw (3.8s)
✔ [8997/9172] Built ZiskFv.Compliance.Wrappers.Lbu (3.8s)
✔ [8998/9172] Built ZiskFv.Compliance.Wrappers.Lhu (3.8s)
✔ [8999/9172] Built ZiskFv.Compliance.Wrappers.Lw (3.7s)
✔ [9000/9172] Built ZiskFv.Compliance.Wrappers.Sh (3.7s)
✔ [9001/9172] Built ZiskFv.Compliance.Wrappers.Lb (3.8s)
✔ [9002/9172] Built ZiskFv.Compliance.Wrappers.Lh (3.0s)
✔ [9003/9172] Built ZiskFv.Compliance.Wrappers.Sb (3.0s)
✔ [9004/9172] Built ZiskFv.Compliance.AcceptedZiskTrace.MemProviders (3.0s)
✔ [9005/9172] Built ZiskFv.Compliance.MainTransition (4.0s)
✔ [9006/9172] Built ZiskFv.Compliance.TraceLevelExport.LaneBridge (4.1s)
✔ [9007/9172] Built ZiskFv.ZiskCircuit.MemTimeline.Construction (4.3s)
✔ [9008/9172] Built ZiskFv.Equivalence.Sd (3.5s)
✔ [9009/9172] Built ZiskFv.Equivalence.Lw (3.5s)
✔ [9010/9172] Built ZiskFv.Equivalence.Lwu (3.6s)
✔ [9011/9172] Built ZiskFv.Equivalence.Sh (3.6s)
✔ [9012/9172] Built Extraction.MemGeneratedConstraintBridge (7.4s)
✔ [9013/9172] Built ZiskFv.Equivalence.Ld (3.6s)
✔ [9014/9172] Built ZiskFv.Equivalence.Sw (3.6s)
✔ [9015/9172] Built ZiskFv.Equivalence.Lhu (3.6s)
✔ [9016/9172] Built ZiskFv.Equivalence.Lbu (3.6s)
✔ [9017/9172] Built ZiskFv.Equivalence.Lb (3.6s)
✔ [9018/9172] Built ZiskFv.Equivalence.Sb (3.6s)
✔ [9019/9172] Built ZiskFv.Equivalence.Lh (3.7s)
✔ [9020/9172] Built ZiskFv.Compliance.RegisterWalk (4.9s)
✔ [9021/9172] Built ZiskFv.ZiskCircuit.MemTimeline.Spike (4.9s)
✔ [9022/9172] Built ZiskFv.Compliance.MemBusSlotSeparation (5.4s)
✔ [9023/9172] Built ZiskFv.Compliance.RegisterBoundaryAnchor (3.6s)
✔ [9024/9172] Built ZiskFv.Compliance.OpBusProviderMatch (18s)
✔ [9025/9172] Built ZiskFv.Compliance.OpEnvelope (11s)
✔ [9026/9172] Built ZiskFv.Compliance.ConstructionLui (3.6s)
✔ [9027/9172] Built ZiskFv.Compliance.AeneasBridgeTrust.Extraction.JalrRows (92s)
✔ [9028/9172] Built ZiskFv.Compliance.ConstructionBranch (3.8s)
✔ [9029/9172] Built ZiskFv.Compliance.ConstructionSub (3.0s)
✔ [9030/9172] Built ZiskFv.Compliance.Dispatch.ITYPE (4.0s)
✔ [9031/9172] Built ZiskFv.Compliance.Dispatch.ADD_RTYPEW (3.0s)
✔ [9032/9172] Built ZiskFv.Compliance.Dispatch.Shift (4.1s)
✔ [9033/9172] Built ZiskFv.Compliance.Dispatch.NoMemOrSimple (4.3s)
✔ [9034/9172] Built ZiskFv.Compliance.Dispatch.Misc (4.3s)
✔ [9035/9172] Built ZiskFv.Compliance.Dispatch.Branch (4.4s)
✔ [9036/9172] Built ZiskFv.Compliance.AeneasBridgeTrust.Base (4.5s)
✔ [9037/9172] Built ZiskFv.Compliance.Dispatch.RTYPE (4.6s)
✔ [9038/9172] Built ZiskFv.Compliance.Dispatch.LDSD (4.8s)
✔ [9039/9172] Built ZiskFv.Compliance.Defects (5.3s)
✔ [9040/9172] Built ZiskFv.Compliance.AeneasBridgeTrust.Extraction (3.3s)
✔ [9041/9172] Built ZiskFv.Compliance.RegisterValueTelescope (8.9s)
✔ [9042/9172] Built ZiskFv.Compliance.ConstructionAuipc (3.7s)
✔ [9043/9172] Built ZiskFv.Compliance.ConstructionJump (3.9s)
✔ [9044/9172] Built ZiskFv.Compliance.ConstructionStore (4.2s)
✔ [9045/9172] Built ZiskFv.Compliance.ConstructionMulw (3.9s)
✔ [9046/9172] Built ZiskFv.Compliance.ConstructionAnd (4.1s)
✔ [9047/9172] Built ZiskFv.Compliance.Pilot.SubNextPC (4.2s)
✔ [9048/9172] Built ZiskFv.Compliance.ConstructionWAlu (4.7s)
✔ [9049/9172] Built ZiskFv.Compliance.ConstructionShift (5.3s)
✔ [9050/9172] Built ZiskFv.Compliance.ConstructionAdd (5.3s)
✔ [9051/9172] Built ZiskFv.Compliance.AeneasBridgeTrust.ControlAndUType (4.2s)
✔ [9052/9172] Built ZiskFv.Compliance.AeneasBridgeTrust.Branches (4.3s)
✔ [9053/9172] Built ZiskFv.Compliance.AeneasBridgeTrust.Stores (4.3s)
✔ [9054/9172] Built ZiskFv.Compliance.AeneasBridgeTrust.Mul (4.3s)
✔ [9055/9172] Built ZiskFv.Compliance.AeneasBridgeTrust.ImmediateAlu (4.3s)
✔ [9056/9172] Built ZiskFv.Compliance.AeneasBridgeTrust.BinaryRType (4.4s)
✔ [9057/9172] Built ZiskFv.Equivalence.Rem (3.9s)
✔ [9058/9172] Built ZiskFv.Compliance.AeneasBridgeTrust.Loads (4.7s)
✔ [9059/9172] Built ZiskFv.Equivalence.Remw (3.0s)
✔ [9060/9172] Built ZiskFv.Compliance.AeneasBridgeTrust.Shifts (4.8s)
✔ [9061/9172] Built ZiskFv.Equivalence.Divw (4.0s)
✔ [9062/9172] Built ZiskFv.Equivalence.Div (4.1s)
✔ [9063/9172] Built ZiskFv.Compliance.AeneasBridgeTrust.DivRem (5.0s)
✔ [9064/9172] Built ZiskFv.Compliance.Dispatch.DIVU (4.6s)
✔ [9065/9172] Built ZiskFv.Compliance.MainTableUniqueness (4.6s)
✔ [9066/9172] Built ZiskFv.Compliance.ConstructionLoad (4.3s)
✔ [9067/9172] Built ZiskFv.Compliance.ConstructionLogic (4.2s)
✔ [9068/9172] Built ZiskFv.Compliance.ConstructionCompare (4.2s)
✔ [9069/9172] Built ZiskFv.Compliance.Pilot.BranchNextPC (4.5s)
✔ [9070/9172] Built ZiskFv.Compliance.ConstructionIType (4.7s)
✔ [9071/9172] Built ZiskFv.Compliance.Pilot.JalrNextPC (4.0s)
✔ [9072/9172] Built ZiskFv.Compliance.AeneasBridgeTrust (3.2s)
✔ [9073/9172] Built ZiskFv.Compliance.Dispatch.Remaining (5.3s)
✔ [9074/9172] Built ZiskFv.Regression.SignedDivOrdinaryCounterexample (9.7s)
✔ [9075/9172] Built ZiskFv.Compliance.ConstructionMulhu (10s)
✔ [9076/9172] Built ZiskFv.Compliance (3.6s)
✔ [9077/9172] Built ZiskFv.Compliance.ConstructionMulh (3.5s)
✔ [9078/9172] Built ZiskFv.Compliance.RegisterPushCounting (13s)
✔ [9079/9172] Built ZiskFv.Compliance.ConstructionMulhsu (3.5s)
✔ [9080/9172] Built ZiskFv.Compliance.ConstructionDivu (10s)
✔ [9081/9172] Built ZiskFv.Compliance.ConstructionRemu (10s)
✔ [9082/9172] Built ZiskFv.Compliance.ConstructionDiv (33s)
✔ [9083/9172] Built ZiskFv.Compliance.ConstructionDivuw (51s)
✔ [9084/9172] Built ZiskFv.Compliance.ConstructionRemuw (50s)
✔ [9085/9172] Built ZiskFv.Compliance.TraceLevelExport.Base (3.7s)
✔ [9086/9172] Built ZiskFv.Compliance.TraceLevelExport.RowDataControl (5.9s)
✔ [9087/9172] Built ZiskFv.Compliance.TraceLevelExport.RowDataAluShift (6.0s)
✔ [9088/9172] Built ZiskFv.Compliance.TraceLevelExport.RowDataArithMem (13s)
✔ [9089/9172] Built ZiskFv.Compliance.TraceLevelExport.RowDataSplit (3.1s)
✔ [9090/9172] Built ZiskFv.Compliance.TraceLevelExport.RomDecodeBinding (9.0s)
✔ [9091/9172] Built ZiskFv.Compliance.TraceLevelExport.EnvOf (6.2s)
✔ [9092/9172] Built ZiskFv.Compliance.TraceLevelExport.StepStrongSignedM (3.5s)
✔ [9093/9172] Built ZiskFv.Compliance.TraceLevelExport.RomDecodeBindingOps (10s)
✔ [9094/9172] Built ZiskFv.Compliance.TraceLevelExport.StepStrongControlStore (5.5s)
✔ [9095/9172] Built ZiskFv.Compliance.TraceLevelExport.RawProgramBinding (3.5s)
✔ [9096/9172] Built ZiskFv.Compliance.TraceLevelExport.StepStrongAluArith (6.8s)
✔ [9097/9172] Built ZiskFv.Compliance.TraceLevelExport.StepStrongLoadMext (5.1s)
✔ [9098/9172] Built ZiskFv.Compliance.TraceLevelExport.Dispatcher (7.7s)
✔ [9099/9172] Built ZiskFv.Compliance.TraceLevelExport.SegmentPcSeed (4.9s)
✔ [9100/9172] Built ZiskFv.Compliance.TraceLevelExport.BootSegmentMemorySeed (10s)
✔ [9101/9172] Built ZiskFv.Compliance.TraceLevelExport.ProgramDecode (10s)
✔ [9102/9172] Built ZiskFv.Compliance.TraceLevelExport.BootSegmentMemorySeedWitness (3.6s)
✔ [9103/9172] Built ZiskFv.Compliance.AddSpinWitness (5.5s)
✔ [9104/9172] Built ZiskFv.Compliance.AddFaithfulPaddedWitness (5.4s)
✔ [9105/9172] Built ZiskFv.Compliance.RegisterBoundaryAnchorNonvacuity (3.3s)
✔ [9106/9172] Built ZiskFv.Compliance.JalrSpinWitness (9.1s)
✔ [9107/9172] Built ZiskFv.Compliance.AddAddiSpinWitness (11s)
✔ [9108/9172] Built ZiskFv.Compliance.TraceLevelExport.RawProgramBindingRegister (19s)
✔ [9109/9172] Built ZiskFv.Compliance.TraceLevelExport.SailRetireChain (27s)
✔ [9110/9172] Built ZiskFv.Compliance.TraceLevelExport.RegisterWriteback (3.7s)
✔ [9111/9172] Built ZiskFv.Compliance.TraceLevelExport.ChainedSailTrace (3.7s)
✔ [9112/9172] Built ZiskFv.Compliance.SdLdSpinWitness (15s)
✔ [9113/9172] Built ZiskFv.Compliance.TraceLevelExport.RegisterFileAgreement (8.1s)
✔ [9114/9172] Built ZiskFv.Compliance.TraceLevelExport.RawProgramBindingMext (25s)
✔ [9115/9172] Built ZiskFv.Compliance.TraceLevelExport.RegisterCoverageBridge (11s)
✔ [9116/9172] Built ZiskFv.Compliance.TraceLevelExport.RawProgramBindingControl (30s)
✔ [9117/9172] Built ZiskFv.Compliance.TraceLevelExport.RawProgramBindingImmediate (31s)
✔ [9118/9172] Built ZiskFv.Compliance.TraceLevelExport (3.3s)
✔ [9119/9172] Built ZiskFv.Compliance.TraceLevelExport.RawProgramBindingJalrExpansionNonvacuity (5.6s)
✔ [9120/9172] Built ZiskFv.Compliance.TraceLevelExport.RawProgramBindingJalr (9.2s)
✔ [9121/9172] Built ZiskFv.Compliance.DivSpinWitness.Definitions (27s)
✔ [9122/9172] Built ZiskFv.Compliance.TraceLevelExport.RawProgramBindingCopyb (13s)
✔ [9123/9172] Built ZiskFv.Compliance.DivSpinWitness.Constraints (7.2s)
✔ [9124/9172] Built ZiskFv.Compliance.DivSpinWitness.OpBusArithInteractions (5.6s)
✔ [9125/9172] Built ZiskFv.Compliance.TraceLevelExport.RawProgramBindingLoadStore (25s)
✔ [9126/9172] Built ZiskFv.Compliance.DivSpinWitness.OpBusMainInteractions (3.7s)
✔ [9127/9172] Built ZiskFv.Compliance.TraceLevelExport.RawProgramDecode (3.6s)
✔ [9128/9172] Built ZiskFv.Compliance.DivSpinWitness.OpBusEmptyInteractions (3.4s)
✔ [9129/9172] Built ZiskFv.Compliance.DivSpinWitness.OpBusStaticInteractions (3.4s)
✔ [9130/9172] Built ZiskFv.Compliance.TraceLevelExport.RawProgramBindingNonvacuity (19s)
✔ [9131/9172] Built ZiskFv.Compliance.TraceLevelExport.RawProgramBindingMemoryNonvacuity (8.9s)
✔ [9132/9172] Built ZiskFv.Compliance.DivSpinWitness.OpBusPairBase (3.6s)
✔ [9133/9172] Built ZiskFv.Compliance.DivSpinWitness.OpBusChunks (3.6s)
✔ [9134/9172] Built ZiskFv.Compliance.TraceLevelExport.RawProgramBindingAddFaithfulNonvacuity (4.1s)
✔ [9135/9172] Built ZiskFv.Soundness (8.4s)
✔ [9136/9172] Built ZiskFv.Compliance.DivSpinWitness.OpBusArithPrimary (3.6s)
✔ [9137/9172] Built ZiskFv.Compliance.DivSpinWitness.OpBusRemainder (3.7s)
✔ [9138/9172] Built ZiskFv.Audit (7.6s)
✔ [9139/9172] Built ZiskFv.Compliance.MemoryRawRootSoundness (9.5s)
✔ [9140/9172] Built ZiskFv.Compliance.DivSpinWitness.OpBusAddiX1 (3.7s)
✔ [9141/9172] Built ZiskFv.Compliance.AddFaithfulPaddedRootSoundness (10s)
✔ [9142/9172] Built ZiskFv.Compliance.SdLdSpinRootSoundness (12s)
✔ [9143/9172] Built ZiskFv.Compliance.JalrSpinRootSoundness (12s)
✔ [9144/9172] Built ZiskFv.Compliance.DivSpinWitness.OpBusAddiX2 (3.7s)
✔ [9145/9172] Built ZiskFv.Compliance.AddAddiSpinRootSoundness (14s)
✔ [9146/9172] Built ZiskFv.Compliance.AddSpinRootSoundness (14s)
✔ [9147/9172] Built ZiskFv.Compliance.DivSpinWitness.OpBusJal (3.1s)
✔ [9148/9172] Built ZiskFv.Compliance.DivSpinWitness.OpBusReordered (3.2s)
✔ [9149/9172] Built ZiskFv.Compliance.DivSpinWitness.OpBusWitnessPerm (3.2s)
✔ [9150/9172] Built ZiskFv.Compliance.DivSpinWitness.OpBusComposition (3.2s)
✔ [9151/9172] Built ZiskFv.Compliance.DivSpinWitness.OpBusBalance (2.0s)
✔ [9152/9172] Built ZiskFv.Compliance.DivSpinWitness.MemBusMainInteractions (5.0s)
✔ [9153/9172] Built ZiskFv.Compliance.DivSpinWitness.MemBusHistories (3.3s)
✔ [9154/9172] Built ZiskFv.Compliance.DivSpinWitness.MemBusReduced (4.2s)
✔ [9155/9172] Built ZiskFv.Compliance.DivSpinWitness.MemBusPermutation (3.2s)
✔ [9156/9172] Built ZiskFv.Compliance.DivSpinWitness.MemBusBalance (3.2s)
✔ [9157/9172] Built ZiskFv.Compliance.DivSpinWitness.ChannelsBalance (3.7s)
✔ [9158/9172] Built ZiskFv.Compliance.DivSpinWitness.Balance (2.0s)
✔ [9159/9172] Built ZiskFv.Compliance.DivSpinWitness.Acceptance (3.6s)
✔ [9160/9172] Built ZiskFv.Compliance.DivSpinWitness (2.7s)
✔ [9161/9172] Built ZiskFv.Compliance.DivSpinRootSoundness.State (3.5s)
✔ [9162/9172] Built ZiskFv.Compliance.DivSpinRootSoundness.Decode (4.3s)
✔ [9163/9172] Built ZiskFv.Compliance.DivSpinRootSoundness.ProgramDecodes (4.6s)
✔ [9164/9172] Built ZiskFv.Compliance.DivSpinRootSoundness.AddiInputs (3.3s)
✔ [9165/9172] Built ZiskFv.Compliance.DivSpinRootSoundness.DivInputs (4.7s)
✔ [9166/9172] Built ZiskFv.Compliance.DivSpinRootSoundness.JalDispatch (3.2s)
✔ [9167/9172] Built ZiskFv.Compliance.DivSpinRootSoundness.Facts (3.0s)
✔ [9168/9172] Built ZiskFv.Compliance.DivSpinRootSoundness.DefectExclusions (3.5s)
✔ [9169/9172] Built ZiskFv.Compliance.DivSpinRootSoundness.Final (4.9s)
✔ [9170/9172] Built ZiskFv.Compliance.DivSpinRootSoundness (2.8s)
✔ [9171/9172] Built ZiskFv (3.1s)
Build completed successfully (9172 jobs).
