✔ [8761/9172] Built Extraction.Binary (4.4s)
✔ [8762/9172] Built Extraction.Arith (5.5s)
✔ [8764/9172] Built ZiskFv.AirsClean.BinaryMirrorWeld (3.2s)
✔ [8765/9172] Built Extraction.LookupWiring (8.4s)
✔ [8766/9172] Built ZiskFv.AirsClean.Mem.RangeWiring (3.4s)
✔ [8767/9172] Built ZiskFv.AirsClean.MemAlign.Bridge (3.9s)
✔ [8768/9172] Built ZiskFv.AirsClean.Binary.Wiring (8.6s)
✔ [8769/9172] Built ZiskFv.Airs.MemoryBus.MemAlignBridge (4.9s)
✔ [8770/9172] Built ZiskFv.AirsClean.Mem.Constraints (5.7s)
✔ [8771/9172] Built ZiskFv.EquivCore.Bridge.Mem (3.0s)
✔ [8772/9172] Built ZiskFv.ZiskCircuit.LoadDerivation (4.4s)
✔ [8773/9172] Built ZiskFv.EquivCore.Promises.BinaryExtensionHelpers (3.3s)
✔ [8774/9172] Built ZiskFv.Compliance.SharedBundles (6.7s)
✔ [8775/9172] Built ZiskFv.EquivCore.Beq (4.7s)
✔ [8776/9172] Built ZiskFv.EquivCore.Lui (4.7s)
✔ [8777/9172] Built ZiskFv.EquivCore.Blt (4.8s)
✔ [8778/9172] Built ZiskFv.EquivCore.Bge (4.0s)
✔ [8779/9172] Built ZiskFv.EquivCore.Bltu (4.0s)
✔ [8780/9172] Built ZiskFv.EquivCore.MulHSU (4.9s)
✔ [8781/9172] Built ZiskFv.EquivCore.Bne (5.1s)
✔ [8782/9172] Built ZiskFv.EquivCore.Bgeu (5.1s)
✔ [8783/9172] Built ZiskFv.EquivCore.Rem (5.1s)
✔ [8784/9172] Built ZiskFv.EquivCore.Sll (5.3s)
✔ [8785/9172] Built ZiskFv.EquivCore.Mul (5.4s)
✔ [8786/9172] Built ZiskFv.EquivCore.MulHU (5.5s)
✔ [8787/9172] Built ZiskFv.EquivCore.MulW (5.5s)
✔ [8788/9172] Built ZiskFv.Compliance.Wrappers.Fence (5.6s)
✔ [8789/9172] Built ZiskFv.EquivCore.Divu (5.8s)
✔ [8790/9172] Built ZiskFv.Compliance.RowProvenance (5.0s)
✔ [8791/9172] Built ZiskFv.EquivCore.MulH (5.0s)
✔ [8792/9172] Built ZiskFv.EquivCore.Auipc (6.1s)
✔ [8793/9172] Built ZiskFv.EquivCore.Remu (6.2s)
✔ [8794/9172] Built ZiskFv.EquivCore.Addw (6.4s)
✔ [8795/9172] Built ZiskFv.EquivCore.Srl (6.8s)
✔ [8796/9172] Built ZiskFv.EquivCore.Add (7.0s)
✔ [8797/9172] Built ZiskFv.EquivCore.Srli (7.0s)
✔ [8798/9172] Built ZiskFv.EquivCore.Divw (7.1s)
✔ [8799/9172] Built ZiskFv.EquivCore.Slli (7.1s)
✔ [8800/9172] Built ZiskFv.EquivCore.Remw (7.2s)
✔ [8801/9172] Built ZiskFv.EquivCore.Div (7.5s)
✔ [8802/9172] Built ZiskFv.EquivCore.Jal (7.6s)
✔ [8803/9172] Built ZiskFv.EquivCore.Jalr (7.7s)
✔ [8804/9172] Built ZiskFv.EquivCore.Slliw (9.2s)
✔ [8805/9172] Built ZiskFv.EquivCore.Sllw (9.4s)
✔ [8806/9172] Built ZiskFv.AirsClean.Mem.Circuit (16s)
✔ [8807/9172] Built ZiskFv.EquivCore.Srlw (9.7s)
✔ [8808/9172] Built ZiskFv.EquivCore.Sra (10s)
✔ [8809/9172] Built ZiskFv.EquivCore.Sraiw (10s)
✔ [8810/9172] Built ZiskFv.Compliance.Wrappers.Beq (5.4s)
✔ [8811/9172] Built ZiskFv.Compliance.Wrappers.Blt (5.7s)
✔ [8812/9172] Built ZiskFv.Compliance.Wrappers.Bge (5.6s)
✔ [8813/9172] Built ZiskFv.EquivCore.Sraw (10s)
✔ [8814/9172] Built ZiskFv.Compliance.Wrappers.Bltu (5.7s)
✔ [8815/9172] Built ZiskFv.EquivCore.Srliw (10s)
✔ [8816/9172] Built ZiskFv.EquivCore.Srai (10s)
✔ [8817/9172] Built ZiskFv.Compliance.Wrappers.Bne (5.9s)
✔ [8818/9172] Built ZiskFv.Compliance.Wrappers.Sll (5.7s)
✔ [8819/9172] Built ZiskFv.Compliance.Wrappers.Bgeu (5.9s)
✔ [8820/9172] Built ZiskFv.EquivCore.Promises.JumpHelpers (5.3s)
✔ [8821/9172] Built ZiskFv.Compliance.Wrappers.Rem (6.2s)
✔ [8822/9172] Built ZiskFv.Equivalence.Fence (5.9s)
✔ [8823/9172] Built ZiskFv.EquivCore.Promises.UTypeHelpers (5.6s)
✔ [8824/9172] Built ZiskFv.Compliance.Wrappers.MulHU (6.4s)
✔ [8825/9172] Built ZiskFv.Compliance.Wrappers.MulW (6.8s)
✔ [8826/9172] Built ZiskFv.Compliance.Wrappers.Divu (6.3s)
✔ [8827/9172] Built ZiskFv.Compliance.Wrappers.Mul (6.9s)
✔ [8828/9172] Built ZiskFv.Compliance.Wrappers.Addw (6.1s)
✔ [8829/9172] Built ZiskFv.Compliance.Wrappers.MulHSU (7.7s)
✔ [8830/9172] Built ZiskFv.Compliance.Wrappers.Srl (6.1s)
✔ [8831/9172] Built ZiskFv.Compliance.Wrappers.Remu (6.6s)
✔ [8832/9172] Built ZiskFv.Compliance.Wrappers.Add (6.0s)
✔ [8833/9172] Built ZiskFv.Compliance.Wrappers.Slli (6.1s)
✔ [8834/9172] Built ZiskFv.Compliance.Wrappers.Srli (6.3s)
✔ [8835/9172] Built ZiskFv.EquivCore.And (6.4s)
✔ [8836/9172] Built ZiskFv.EquivCore.Sltiu (6.3s)
✔ [8837/9172] Built ZiskFv.EquivCore.Xori (6.5s)
✔ [8838/9172] Built ZiskFv.EquivCore.Sltu (6.5s)
✔ [8839/9172] Built ZiskFv.EquivCore.Slt (6.6s)
✔ [8840/9172] Built ZiskFv.Compliance.Wrappers.Divw (6.6s)
✔ [8841/9172] Built ZiskFv.EquivCore.Xor (6.7s)
✔ [8842/9172] Built ZiskFv.EquivCore.Andi (6.0s)
✔ [8843/9172] Built ZiskFv.EquivCore.Slti (6.9s)
✔ [8844/9172] Built ZiskFv.Compliance.Wrappers.Remw (6.7s)
✔ [8845/9172] Built ZiskFv.EquivCore.Addiw (7.6s)
✔ [8846/9172] Built ZiskFv.EquivCore.Or (7.2s)
✔ [8847/9172] Built ZiskFv.EquivCore.Ori (7.1s)
✔ [8848/9172] Built ZiskFv.EquivCore.Subw (8.2s)
✔ [8849/9172] Built ZiskFv.Compliance.Wrappers.Div (7.4s)
✔ [8850/9172] Built ZiskFv.Compliance.Wrappers.ShiftLI (5.8s)
✔ [8851/9172] Built ZiskFv.EquivCore.Addi (8.0s)
✔ [8852/9172] Built ZiskFv.Compliance.Wrappers.Shift (5.7s)
✔ [8853/9172] Built ZiskFv.EquivCore.Sub (8.3s)
✔ [8854/9172] Built ZiskFv.EquivCore.Bridge.BranchFlag (8.6s)
✔ [8855/9172] Built ZiskFv.Compliance.Wrappers.Sra (5.8s)
✔ [8856/9172] Built ZiskFv.Equivalence.Beq (5.8s)
✔ [8857/9172] Built ZiskFv.Compliance.Wrappers.ShiftR (6.1s)
✔ [8858/9172] Built ZiskFv.Compliance.Wrappers.ShiftRAI (5.8s)
✔ [8859/9172] Built ZiskFv.Compliance.Wrappers.MulH (10s)
✔ [8860/9172] Built ZiskFv.Equivalence.Blt (5.9s)
✔ [8861/9172] Built ZiskFv.Equivalence.Bltu (5.7s)
✔ [8862/9172] Built ZiskFv.Equivalence.Bge (5.9s)
✔ [8863/9172] Built ZiskFv.Equivalence.Bne (5.6s)
✔ [8864/9172] Built ZiskFv.Compliance.Wrappers.ShiftRA (6.1s)
✔ [8865/9172] Built ZiskFv.Compliance.Wrappers.Srai (5.8s)
✔ [8866/9172] Built ZiskFv.Equivalence.Sll (5.8s)
✔ [8867/9172] Built ZiskFv.Compliance.Wrappers.ShiftRLI (6.3s)
✔ [8868/9172] Built ZiskFv.Compliance.Wrappers.Jalr (5.0s)
✔ [8869/9172] Built ZiskFv.Compliance.AeneasBridgeTrust.Extraction.Helpers (11s)
✔ [8870/9172] Built ZiskFv.Compliance.Wrappers.Auipc (5.8s)
✔ [8871/9172] Built ZiskFv.Compliance.Wrappers.Jal (6.1s)
✔ [8872/9172] Built ZiskFv.Compliance.Wrappers.Lui (6.1s)
✔ [8873/9172] Built ZiskFv.Equivalence.Bgeu (6.6s)
✔ [8874/9172] Built ZiskFv.Equivalence.MulHU (5.8s)
✔ [8875/9172] Built ZiskFv.Equivalence.Mul (5.6s)
✔ [8876/9172] Built ZiskFv.Equivalence.MulW (5.7s)
✔ [8877/9172] Built ZiskFv.Equivalence.Divu (5.8s)
✔ [8878/9172] Built ZiskFv.Equivalence.MulHSU (5.4s)
✔ [8879/9172] Built ZiskFv.Equivalence.Addw (5.8s)
✔ [8880/9172] Built ZiskFv.Equivalence.Add (5.4s)
✔ [8881/9172] Built ZiskFv.Equivalence.Remu (5.7s)
✔ [8882/9172] Built ZiskFv.Equivalence.Srl (5.9s)
✔ [8883/9172] Built ZiskFv.Equivalence.Slli (5.6s)
✔ [8884/9172] Built ZiskFv.Compliance.Wrappers.And (5.6s)
✔ [8885/9172] Built ZiskFv.Compliance.Wrappers.Sltu (5.6s)
✔ [8886/9172] Built ZiskFv.Compliance.Wrappers.Xor (5.4s)
✔ [8887/9172] Built ZiskFv.Compliance.Wrappers.Xori (5.6s)
✔ [8888/9172] Built ZiskFv.Compliance.Wrappers.Slt (5.6s)
✔ [8889/9172] Built ZiskFv.Compliance.Wrappers.Sltiu (5.8s)
✔ [8890/9172] Built ZiskFv.Equivalence.Srli (5.9s)
✔ [8891/9172] Built ZiskFv.Compliance.Wrappers.Ori (5.2s)
✔ [8892/9172] Built ZiskFv.Compliance.Wrappers.Andi (5.5s)
✔ [8893/9172] Built ZiskFv.Compliance.Wrappers.Or (5.3s)
✔ [8894/9172] Built ZiskFv.Compliance.Wrappers.Slti (5.8s)
✔ [8895/9172] Built ZiskFv.Compliance.Wrappers.Subw (5.5s)
✔ [8896/9172] Built ZiskFv.Equivalence.Sllw (5.0s)
✔ [8897/9172] Built ZiskFv.Equivalence.Slliw (5.2s)
✔ [8898/9172] Built ZiskFv.Compliance.Wrappers.Addi (5.6s)
✔ [8899/9172] Built ZiskFv.Compliance.Wrappers.Sub (5.4s)
✔ [8900/9172] Built ZiskFv.Equivalence.Sraiw (4.8s)
✔ [8901/9172] Built ZiskFv.Equivalence.Sra (5.0s)
✔ [8902/9172] Built ZiskFv.Equivalence.Srlw (4.0s)
✔ [8903/9172] Built ZiskFv.Compliance.Wrappers.Addiw (6.9s)
✔ [8904/9172] Built ZiskFv.Equivalence.MulH (4.0s)
✔ [8905/9172] Built ZiskFv.Equivalence.Sraw (4.9s)
✔ [8906/9172] Built ZiskFv.Equivalence.Srai (5.3s)
✔ [8907/9172] Built ZiskFv.Equivalence.Srliw (5.0s)
✔ [8908/9172] Built ZiskFv.Equivalence.Jalr (4.9s)
✔ [8909/9172] Built ZiskFv.AirsClean.Mem.Bridge (12s)
✔ [8910/9172] Built ZiskFv.Equivalence.Auipc (5.2s)
✔ [8911/9172] Built ZiskFv.Equivalence.Lui (4.9s)
✔ [8912/9172] Built ZiskFv.Equivalence.Jal (5.2s)
✔ [8913/9172] Built ZiskFv.Compliance.AeneasBridgeTrust.Extraction.Branch (5.4s)
✔ [8914/9172] Built ZiskFv.Compliance.AeneasBridgeTrust.Extraction.Precompiled (5.7s)
✔ [8915/9172] Built ZiskFv.Compliance.AeneasBridgeTrust.Extraction.ControlUType (5.9s)
✔ [8916/9172] Built ZiskFv.Compliance.AeneasBridgeTrust.Extraction.Immediate (6.2s)
✔ [8917/9172] Built ZiskFv.Equivalence.And (4.5s)
✔ [8918/9172] Built ZiskFv.Equivalence.Sltu (4.5s)
✔ [8919/9172] Built ZiskFv.Compliance.AeneasBridgeTrust.Extraction.RegisterOp (6.4s)
✔ [8920/9172] Built ZiskFv.Equivalence.Xori (4.5s)
✔ [8921/9172] Built ZiskFv.Equivalence.Xor (4.6s)
✔ [8922/9172] Built ZiskFv.Equivalence.Sltiu (4.6s)
✔ [8923/9172] Built ZiskFv.Equivalence.Slt (4.6s)
✔ [8924/9172] Built ZiskFv.Compliance.AeneasBridgeTrust.Extraction.LoadStore (6.8s)
✔ [8925/9172] Built ZiskFv.Equivalence.Ori (4.7s)
✔ [8926/9172] Built ZiskFv.Equivalence.Slti (4.3s)
✔ [8927/9172] Built ZiskFv.Equivalence.Andi (4.6s)
✔ [8928/9172] Built ZiskFv.Equivalence.Or (4.7s)
✔ [8929/9172] Built ZiskFv.Equivalence.Subw (4.3s)
✔ [8930/9172] Built ZiskFv.Equivalence.Addi (4.1s)
✔ [8931/9172] Built ZiskFv.Compliance.AeneasBridgeTrust.Extraction.DynamicFields (7.6s)
✔ [8932/9172] Built ZiskFv.Equivalence.Sub (4.2s)
✔ [8933/9172] Built ZiskFv.Equivalence.Addiw (4.0s)
✔ [8934/9172] Built ZiskFv.AirsClean.MemMirrorWeld (4.3s)
✔ [8935/9172] Built ZiskFv.AirsClean.FullEnsemble (19s)
✔ [8936/9172] Built ZiskFv.Compliance.AeneasBridgeTrust.Extraction.Dispatch (7.3s)
✔ [8937/9172] Built ZiskFv.EquivCore.Bridge.MemClean (9.7s)
✔ [8938/9172] Built ZiskFv.AirsClean.FullEnsemble.Balance.MemAlignSkippableProve (3.6s)
✔ [8939/9172] Built ZiskFv.Compliance.RangeWiringWitness (4.6s)
✔ [8940/9172] Built ZiskFv.Compliance.TraceLevelExport.RawProgramBitfields (17s)
✔ [8941/9172] Built ZiskFv.EquivCore.Sd (3.8s)
✔ [8942/9172] Built ZiskFv.EquivCore.Sw (3.0s)
✔ [8943/9172] Built ZiskFv.EquivCore.Sb (3.9s)
✔ [8944/9172] Built ZiskFv.EquivCore.Sh (3.9s)
✔ [8945/9172] Built ZiskFv.EquivCore.Lhu (4.0s)
✔ [8946/9172] Built ZiskFv.EquivCore.Lwu (4.1s)
✔ [8947/9172] Built ZiskFv.EquivCore.Lbu (4.1s)
✔ [8948/9172] Built ZiskFv.EquivCore.Lb (4.2s)
✔ [8949/9172] Built ZiskFv.EquivCore.Ld (4.2s)
✔ [8950/9172] Built ZiskFv.EquivCore.Lh (4.3s)
✔ [8951/9172] Built ZiskFv.EquivCore.Lw (4.3s)
✔ [8952/9172] Built ZiskFv.AirsClean.FullEnsemble.Balance.Classification (7.1s)
✔ [8953/9172] Built ZiskFv.AirsClean.FullEnsemble.Balance.CounterpartClassification (4.4s)
✔ [8954/9172] Built ZiskFv.EquivCore.Divuw (42s)
✔ [8955/9172] Built ZiskFv.EquivCore.Remuw (42s)
✔ [8956/9172] Built ZiskFv.Compliance.AeneasBridgeTrust.Extraction.Totality (12s)
✔ [8957/9172] Built ZiskFv.AirsClean.FullEnsemble.Balance.RowExtraction (5.4s)
✔ [8958/9172] Built ZiskFv.Compliance.Wrappers.Divuw (3.9s)
✔ [8959/9172] Built ZiskFv.Compliance.Wrappers.Remuw (3.9s)
✔ [8960/9172] Built ZiskFv.Equivalence.Divuw (3.5s)
✔ [8961/9172] Built ZiskFv.AirsClean.FullEnsemble.Balance.MemAlignRomProviderMatch (3.6s)
✔ [8962/9172] Built ZiskFv.Equivalence.Remuw (3.5s)
✔ [8963/9172] Built ZiskFv.AirsClean.FullEnsemble.Balance.RangeProviderMatch (3.9s)
✔ [8964/9172] Built ZiskFv.AirsClean.FullEnsemble.Balance.MemAlignRangeProviderMatch (3.9s)
✔ [8965/9172] Built ZiskFv.AirsClean.FullEnsemble.Balance.RegisterStepRangeProviderMatch (4.4s)
✔ [8966/9172] Built ZiskFv.AirsClean.FullEnsemble.Balance.OpBusRowBridges (4.5s)
✔ [8967/9172] Built ZiskFv.AirsClean.FullEnsemble.Balance.MemRowReplayProjections (4.5s)
✔ [8968/9172] Built ZiskFv.AirsClean.FullEnsemble.Balance.TableProjections (10s)
✔ [8969/9172] Built ZiskFv.AirsClean.FullEnsemble.Balance.SidecarColumns (3.3s)
✔ [8970/9172] Built ZiskFv.Compliance.Instantiation.ConcreteRowReductions (7.3s)
✔ [8971/9172] Built ZiskFv.AirsClean.FullEnsemble.Balance.RowsBridgeFacts (5.8s)
✔ [8972/9172] Built ZiskFv.Compliance.AcceptedZiskTrace (5.3s)
✔ [8973/9172] Built ZiskFv.Compliance.SdLdMemTable (8.9s)
✔ [8974/9172] Built ZiskFv.Compliance.AcceptedZiskTrace.Spec (3.3s)
✔ [8975/9172] Built ZiskFv.Compliance.AcceptedZiskTrace.MemTable (3.4s)
✔ [8976/9172] Built ZiskFv.Compliance.AcceptedZiskTrace.MemAlignRom (3.5s)
✔ [8977/9172] Built ZiskFv.Compliance.AcceptedZiskTrace.MemAlignRanges (3.5s)
✔ [8978/9172] Built ZiskFv.Compliance.AcceptedZiskTrace.MemSegmentRanges (3.6s)
✔ [8979/9172] Built ZiskFv.AirsClean.FullEnsemble.Balance.TimelineEvidence (12s)
✔ [8980/9172] Built ZiskFv.AirsClean.FullEnsemble.Balance.EmbeddedInTrace (4.8s)
✔ [8981/9172] Built ZiskFv.AirsClean.FullEnsemble.Balance.MemBusRowBridges (10s)
✔ [8982/9172] Built ZiskFv.Compliance.RegisterMemBusBalance (31s)
✔ [8983/9172] Built ZiskFv.AirsClean.FullEnsemble.Balance.RegisterChainBridges (4.9s)
✔ [8984/9172] Built ZiskFv.Compliance.SingleAddWitness (5.1s)
✔ [8985/9172] Built ZiskFv.AirsClean.FullEnsemble.Balance (3.1s)
✔ [8986/9172] Built ZiskFv.EquivCore.Bridge.MemCleanFullEnsemble (3.6s)
✔ [8987/9172] Built Extraction.MemGeneratedArtifact (3.6s)
✔ [8988/9172] Built ZiskFv.Compliance.AcceptedZiskTrace.MainTable (3.8s)
✔ [8989/9172] Built ZiskFv.ZiskCircuit.MemTimeline.Linkage (4.0s)
✔ [8990/9172] Built ZiskFv.AirsClean.FullEnsemble.Balance.MemBusSourceExclusivity (8.4s)
✔ [8991/9172] Built ZiskFv.AirsClean.FullEnsemble.ArithBalance (5.5s)
✔ [8992/9172] Built ZiskFv.Compliance.SailTrace (3.3s)
✔ [8993/9172] Built ZiskFv.Compliance.Wrappers.Ld (3.6s)
✔ [8994/9172] Built ZiskFv.Compliance.Wrappers.Sd (3.7s)
✔ [8995/9172] Built ZiskFv.Compliance.Wrappers.Sw (3.7s)
✔ [8996/9172] Built ZiskFv.Compliance.Wrappers.Lw (3.7s)
✔ [8997/9172] Built ZiskFv.Compliance.Wrappers.Lbu (3.9s)
✔ [8998/9172] Built ZiskFv.Compliance.Wrappers.Sh (3.8s)
✔ [8999/9172] Built ZiskFv.Compliance.Wrappers.Lwu (3.9s)
✔ [9000/9172] Built ZiskFv.Compliance.Wrappers.Lhu (3.9s)
✔ [9001/9172] Built ZiskFv.Compliance.Wrappers.Lb (3.9s)
✔ [9002/9172] Built ZiskFv.Compliance.Wrappers.Lh (3.9s)
✔ [9003/9172] Built ZiskFv.Compliance.Wrappers.Sb (3.9s)
✔ [9004/9172] Built ZiskFv.Compliance.AcceptedZiskTrace.MemProviders (3.0s)
✔ [9005/9172] Built ZiskFv.Compliance.MainTransition (3.0s)
✔ [9006/9172] Built ZiskFv.Compliance.TraceLevelExport.LaneBridge (4.1s)
✔ [9007/9172] Built ZiskFv.ZiskCircuit.MemTimeline.Construction (4.2s)
✔ [9008/9172] Built ZiskFv.Equivalence.Ld (3.5s)
✔ [9009/9172] Built ZiskFv.Equivalence.Sh (3.5s)
✔ [9010/9172] Built ZiskFv.Equivalence.Lw (3.6s)
✔ [9011/9172] Built ZiskFv.Equivalence.Sd (3.7s)
✔ [9012/9172] Built ZiskFv.Equivalence.Sw (3.6s)
✔ [9013/9172] Built ZiskFv.Equivalence.Lwu (3.6s)
✔ [9014/9172] Built ZiskFv.Equivalence.Lbu (3.6s)
✔ [9015/9172] Built ZiskFv.Equivalence.Lh (3.6s)
✔ [9016/9172] Built ZiskFv.Equivalence.Lb (3.6s)
✔ [9017/9172] Built Extraction.MemGeneratedConstraintBridge (7.5s)
✔ [9018/9172] Built ZiskFv.Equivalence.Sb (3.6s)
✔ [9019/9172] Built ZiskFv.Equivalence.Lhu (3.6s)
✔ [9020/9172] Built ZiskFv.Compliance.RegisterWalk (4.9s)
✔ [9021/9172] Built ZiskFv.ZiskCircuit.MemTimeline.Spike (5.1s)
✔ [9022/9172] Built ZiskFv.Compliance.MemBusSlotSeparation (5.5s)
✔ [9023/9172] Built ZiskFv.Compliance.RegisterBoundaryAnchor (3.4s)
✔ [9024/9172] Built ZiskFv.Compliance.OpBusProviderMatch (17s)
✔ [9025/9172] Built ZiskFv.Compliance.OpEnvelope (10s)
✔ [9026/9172] Built ZiskFv.Compliance.AeneasBridgeTrust.Extraction.JalrRows (91s)
✔ [9027/9172] Built ZiskFv.Compliance.ConstructionLui (3.6s)
✔ [9028/9172] Built ZiskFv.Compliance.ConstructionBranch (3.8s)
✔ [9029/9172] Built ZiskFv.Compliance.ConstructionSub (3.9s)
✔ [9030/9172] Built ZiskFv.Compliance.AeneasBridgeTrust.Extraction (3.2s)
✔ [9031/9172] Built ZiskFv.Compliance.Dispatch.Shift (4.0s)
✔ [9032/9172] Built ZiskFv.Compliance.Dispatch.ITYPE (4.2s)
✔ [9033/9172] Built ZiskFv.Compliance.Dispatch.ADD_RTYPEW (4.1s)
✔ [9034/9172] Built ZiskFv.Compliance.Dispatch.Branch (4.4s)
✔ [9035/9172] Built ZiskFv.Compliance.Dispatch.NoMemOrSimple (4.4s)
✔ [9036/9172] Built ZiskFv.Compliance.Dispatch.LDSD (4.4s)
✔ [9037/9172] Built ZiskFv.Compliance.Dispatch.Misc (4.4s)
✔ [9038/9172] Built ZiskFv.Compliance.Dispatch.RTYPE (4.5s)
✔ [9039/9172] Built ZiskFv.Compliance.AeneasBridgeTrust.Base (4.5s)
✔ [9040/9172] Built ZiskFv.Compliance.Defects (5.2s)
✔ [9041/9172] Built ZiskFv.Compliance.ConstructionAuipc (3.9s)
✔ [9042/9172] Built ZiskFv.Compliance.RegisterValueTelescope (9.2s)
✔ [9043/9172] Built ZiskFv.Compliance.ConstructionJump (4.2s)
✔ [9044/9172] Built ZiskFv.Compliance.ConstructionStore (4.4s)
✔ [9045/9172] Built ZiskFv.Compliance.ConstructionAnd (4.4s)
✔ [9046/9172] Built ZiskFv.Compliance.ConstructionMulw (4.4s)
✔ [9047/9172] Built ZiskFv.Compliance.Pilot.SubNextPC (4.3s)
✔ [9048/9172] Built ZiskFv.Compliance.ConstructionWAlu (4.9s)
✔ [9049/9172] Built ZiskFv.Compliance.ConstructionShift (5.5s)
✔ [9050/9172] Built ZiskFv.Compliance.ConstructionAdd (5.8s)
✔ [9051/9172] Built ZiskFv.Compliance.AeneasBridgeTrust.Branches (4.5s)
✔ [9052/9172] Built ZiskFv.Compliance.AeneasBridgeTrust.ControlAndUType (4.6s)
✔ [9053/9172] Built ZiskFv.Compliance.AeneasBridgeTrust.Stores (4.6s)
✔ [9054/9172] Built ZiskFv.Compliance.AeneasBridgeTrust.BinaryRType (4.8s)
✔ [9055/9172] Built ZiskFv.Compliance.AeneasBridgeTrust.Mul (4.9s)
✔ [9056/9172] Built ZiskFv.Compliance.AeneasBridgeTrust.ImmediateAlu (4.9s)
✔ [9057/9172] Built ZiskFv.Equivalence.Div (4.4s)
✔ [9058/9172] Built ZiskFv.Equivalence.Divw (4.5s)
✔ [9059/9172] Built ZiskFv.Equivalence.Remw (4.6s)
✔ [9060/9172] Built ZiskFv.Equivalence.Rem (4.6s)
✔ [9061/9172] Built ZiskFv.Compliance.AeneasBridgeTrust.Shifts (5.3s)
✔ [9062/9172] Built ZiskFv.Compliance.AeneasBridgeTrust.Loads (5.4s)
✔ [9063/9172] Built ZiskFv.Compliance.Dispatch.DIVU (5.1s)
✔ [9064/9172] Built ZiskFv.Compliance.AeneasBridgeTrust.DivRem (5.7s)
✔ [9065/9172] Built ZiskFv.Compliance.MainTableUniqueness (4.0s)
✔ [9066/9172] Built ZiskFv.Compliance.ConstructionLogic (4.6s)
✔ [9067/9172] Built ZiskFv.Compliance.ConstructionCompare (4.7s)
✔ [9068/9172] Built ZiskFv.Compliance.ConstructionLoad (4.9s)
✔ [9069/9172] Built ZiskFv.Compliance.Pilot.BranchNextPC (4.8s)
✔ [9070/9172] Built ZiskFv.Compliance.ConstructionIType (5.2s)
✔ [9071/9172] Built ZiskFv.Compliance.Pilot.JalrNextPC (5.6s)
✔ [9072/9172] Built ZiskFv.Compliance.AeneasBridgeTrust (3.8s)
✔ [9073/9172] Built ZiskFv.Compliance.Dispatch.Remaining (6.1s)
✔ [9074/9172] Built ZiskFv.Regression.SignedDivOrdinaryCounterexample (10s)
✔ [9075/9172] Built ZiskFv.Compliance.ConstructionMulhu (12s)
✔ [9076/9172] Built ZiskFv.Compliance (4.5s)
✔ [9077/9172] Built ZiskFv.Compliance.ConstructionMulh (3.7s)
✔ [9078/9172] Built ZiskFv.Compliance.ConstructionMulhsu (4.6s)
✔ [9079/9172] Built ZiskFv.Compliance.RegisterPushCounting (16s)
✔ [9080/9172] Built ZiskFv.Compliance.ConstructionDivu (12s)
✔ [9081/9172] Built ZiskFv.Compliance.ConstructionRemu (11s)
✔ [9082/9172] Built ZiskFv.Compliance.ConstructionDivuw (57s)
✔ [9083/9172] Built ZiskFv.Compliance.ConstructionDiv (63s)
✔ [9084/9172] Built ZiskFv.Compliance.ConstructionRemuw (56s)
✔ [9085/9172] Built ZiskFv.Compliance.TraceLevelExport.Base (4.1s)
✔ [9086/9172] Built ZiskFv.Compliance.TraceLevelExport.RowDataControl (7.3s)
✔ [9087/9172] Built ZiskFv.Compliance.TraceLevelExport.RowDataAluShift (9.8s)
✔ [9088/9172] Built ZiskFv.Compliance.TraceLevelExport.RowDataArithMem (15s)
✔ [9089/9172] Built ZiskFv.Compliance.TraceLevelExport.RowDataSplit (4.7s)
✔ [9090/9172] Built ZiskFv.Compliance.TraceLevelExport.RomDecodeBinding (15s)
✔ [9091/9172] Built ZiskFv.Compliance.TraceLevelExport.EnvOf (8.6s)
✔ [9092/9172] Built ZiskFv.Compliance.TraceLevelExport.StepStrongSignedM (4.4s)
✔ [9093/9172] Built ZiskFv.Compliance.TraceLevelExport.RomDecodeBindingOps (14s)
✔ [9094/9172] Built ZiskFv.Compliance.TraceLevelExport.StepStrongControlStore (6.8s)
✔ [9095/9172] Built ZiskFv.Compliance.TraceLevelExport.RawProgramBinding (5.1s)
✔ [9096/9172] Built ZiskFv.Compliance.TraceLevelExport.StepStrongAluArith (9.2s)
✔ [9097/9172] Built ZiskFv.Compliance.TraceLevelExport.StepStrongLoadMext (7.0s)
✔ [9098/9172] Built ZiskFv.Compliance.TraceLevelExport.Dispatcher (14s)
✔ [9099/9172] Built ZiskFv.Compliance.TraceLevelExport.SegmentPcSeed (6.0s)
✔ [9100/9172] Built ZiskFv.Compliance.TraceLevelExport.ProgramDecode (13s)
✔ [9101/9172] Built ZiskFv.Compliance.TraceLevelExport.BootSegmentMemorySeed (15s)
✔ [9102/9172] Built ZiskFv.Compliance.TraceLevelExport.BootSegmentMemorySeedWitness (4.5s)
✔ [9103/9172] Built ZiskFv.Compliance.AddSpinWitness (7.6s)
✔ [9104/9172] Built ZiskFv.Compliance.AddFaithfulPaddedWitness (6.6s)
✔ [9105/9172] Built ZiskFv.Compliance.RegisterBoundaryAnchorNonvacuity (4.1s)
✔ [9106/9172] Built ZiskFv.Compliance.JalrSpinWitness (11s)
✔ [9107/9172] Built ZiskFv.Compliance.AddAddiSpinWitness (14s)
✔ [9108/9172] Built ZiskFv.Compliance.TraceLevelExport.RawProgramBindingRegister (24s)
✔ [9109/9172] Built ZiskFv.Compliance.TraceLevelExport.SailRetireChain (34s)
✔ [9110/9172] Built ZiskFv.Compliance.TraceLevelExport.RegisterWriteback (4.5s)
✔ [9111/9172] Built ZiskFv.Compliance.TraceLevelExport.ChainedSailTrace (4.5s)
✔ [9112/9172] Built ZiskFv.Compliance.SdLdSpinWitness (19s)
✔ [9113/9172] Built ZiskFv.Compliance.TraceLevelExport.RegisterFileAgreement (10s)
✔ [9114/9172] Built ZiskFv.Compliance.TraceLevelExport.RawProgramBindingMext (33s)
✔ [9115/9172] Built ZiskFv.Compliance.TraceLevelExport.RawProgramBindingControl (40s)
✔ [9116/9172] Built ZiskFv.Compliance.TraceLevelExport.RawProgramBindingImmediate (40s)
✔ [9117/9172] Built ZiskFv.Compliance.TraceLevelExport.RegisterCoverageBridge (13s)
✔ [9118/9172] Built ZiskFv.Compliance.TraceLevelExport (3.8s)
✔ [9119/9172] Built ZiskFv.Compliance.TraceLevelExport.RawProgramBindingJalrExpansionNonvacuity (6.8s)
✔ [9120/9172] Built ZiskFv.Compliance.TraceLevelExport.RawProgramBindingJalr (11s)
✔ [9121/9172] Built ZiskFv.Compliance.DivSpinWitness.Definitions (37s)
✔ [9122/9172] Built ZiskFv.Compliance.TraceLevelExport.RawProgramBindingCopyb (17s)
✔ [9123/9172] Built ZiskFv.Compliance.DivSpinWitness.Constraints (12s)
✔ [9124/9172] Built ZiskFv.Compliance.DivSpinWitness.OpBusArithInteractions (7.4s)
✔ [9125/9172] Built ZiskFv.Compliance.TraceLevelExport.RawProgramBindingLoadStore (35s)
✔ [9126/9172] Built ZiskFv.Compliance.DivSpinWitness.OpBusMainInteractions (6.1s)
✔ [9127/9172] Built ZiskFv.Compliance.TraceLevelExport.RawProgramDecode (5.5s)
✔ [9128/9172] Built ZiskFv.Compliance.TraceLevelExport.RawProgramBindingNonvacuity (24s)
✔ [9129/9172] Built ZiskFv.Compliance.DivSpinWitness.OpBusEmptyInteractions (4.9s)
✔ [9130/9172] Built ZiskFv.Compliance.TraceLevelExport.RawProgramBindingAddFaithfulNonvacuity (5.0s)
✔ [9131/9172] Built ZiskFv.Compliance.TraceLevelExport.RawProgramBindingMemoryNonvacuity (13s)
✔ [9132/9172] Built ZiskFv.Compliance.DivSpinWitness.OpBusStaticInteractions (4.8s)
✔ [9133/9172] Built ZiskFv.Soundness (11s)
✔ [9134/9172] Built ZiskFv.Compliance.DivSpinWitness.OpBusPairBase (4.6s)
✔ [9135/9172] Built ZiskFv.Compliance.DivSpinWitness.OpBusChunks (4.6s)
✔ [9136/9172] Built ZiskFv.Compliance.DivSpinWitness.OpBusArithPrimary (4.8s)
✔ [9137/9172] Built ZiskFv.Audit (9.2s)
✔ [9138/9172] Built ZiskFv.Compliance.DivSpinWitness.OpBusRemainder (4.4s)
✔ [9139/9172] Built ZiskFv.Compliance.MemoryRawRootSoundness (12s)
✔ [9140/9172] Built ZiskFv.Compliance.AddFaithfulPaddedRootSoundness (13s)
✔ [9141/9172] Built ZiskFv.Compliance.SdLdSpinRootSoundness (14s)
✔ [9142/9172] Built ZiskFv.Compliance.JalrSpinRootSoundness (15s)
✔ [9143/9172] Built ZiskFv.Compliance.DivSpinWitness.OpBusAddiX1 (4.6s)
✔ [9144/9172] Built ZiskFv.Compliance.AddAddiSpinRootSoundness (17s)
✔ [9145/9172] Built ZiskFv.Compliance.AddSpinRootSoundness (19s)
✔ [9146/9172] Built ZiskFv.Compliance.DivSpinWitness.OpBusAddiX2 (4.6s)
✔ [9147/9172] Built ZiskFv.Compliance.DivSpinWitness.OpBusJal (5.2s)
✔ [9148/9172] Built ZiskFv.Compliance.DivSpinWitness.OpBusReordered (5.3s)
✔ [9149/9172] Built ZiskFv.Compliance.DivSpinWitness.OpBusWitnessPerm (5.7s)
✔ [9150/9172] Built ZiskFv.Compliance.DivSpinWitness.OpBusComposition (6.0s)
✔ [9151/9172] Built ZiskFv.Compliance.DivSpinWitness.OpBusBalance (5.6s)
✔ [9152/9172] Built ZiskFv.Compliance.DivSpinWitness.MemBusMainInteractions (6.7s)
✔ [9153/9172] Built ZiskFv.Compliance.DivSpinWitness.MemBusHistories (5.5s)
✔ [9154/9172] Built ZiskFv.Compliance.DivSpinWitness.MemBusReduced (6.3s)
✔ [9155/9172] Built ZiskFv.Compliance.DivSpinWitness.MemBusPermutation (5.5s)
✔ [9156/9172] Built ZiskFv.Compliance.DivSpinWitness.MemBusBalance (4.2s)
✔ [9157/9172] Built ZiskFv.Compliance.DivSpinWitness.ChannelsBalance (4.7s)
✔ [9158/9172] Built ZiskFv.Compliance.DivSpinWitness.Balance (3.6s)
✔ [9159/9172] Built ZiskFv.Compliance.DivSpinWitness.Acceptance (4.5s)
✔ [9160/9172] Built ZiskFv.Compliance.DivSpinWitness (3.4s)
✔ [9161/9172] Built ZiskFv.Compliance.DivSpinRootSoundness.State (4.1s)
✔ [9162/9172] Built ZiskFv.Compliance.DivSpinRootSoundness.Decode (4.9s)
✔ [9163/9172] Built ZiskFv.Compliance.DivSpinRootSoundness.ProgramDecodes (5.4s)
✔ [9164/9172] Built ZiskFv.Compliance.DivSpinRootSoundness.AddiInputs (3.9s)
✔ [9165/9172] Built ZiskFv.Compliance.DivSpinRootSoundness.DivInputs (5.4s)
✔ [9166/9172] Built ZiskFv.Compliance.DivSpinRootSoundness.JalDispatch (3.8s)
✔ [9167/9172] Built ZiskFv.Compliance.DivSpinRootSoundness.Facts (3.5s)
✔ [9168/9172] Built ZiskFv.Compliance.DivSpinRootSoundness.DefectExclusions (3.0s)
✔ [9169/9172] Built ZiskFv.Compliance.DivSpinRootSoundness.Final (5.4s)
✔ [9170/9172] Built ZiskFv.Compliance.DivSpinRootSoundness (3.4s)
✔ [9171/9172] Built ZiskFv (3.4s)
Build completed successfully (9172 jobs).
