✔ [8763/9172] Built Extraction.MemAlign (3.9s)
✔ [8764/9172] Built Extraction.LookupWiring (6.9s)
✔ [8766/9172] Built ZiskFv.AirsClean.Mem.RangeWiring (3.2s)
✔ [8941/9172] Built ZiskFv.AirsClean.Binary.Wiring (6.0s)
✔ [8942/9172] Built ZiskFv.AirsClean.Mem.Constraints (4.1s)
✔ [8943/9172] Built ZiskFv.AirsClean.Mem.Circuit (12s)
✔ [8944/9172] Built ZiskFv.AirsClean.Mem.Bridge (7.1s)
✔ [8957/9172] Built ZiskFv.AirsClean.MemMirrorWeld (3.5s)
✔ [8958/9172] Built ZiskFv.AirsClean.FullEnsemble (13s)
✔ [8960/9172] Built ZiskFv.Compliance.RangeWiringWitness (3.9s)
✔ [8961/9172] Built ZiskFv.AirsClean.FullEnsemble.Balance.Classification (5.8s)
✔ [8962/9172] Built ZiskFv.AirsClean.FullEnsemble.Balance.CounterpartClassification (3.0s)
✔ [8963/9172] Built ZiskFv.AirsClean.FullEnsemble.Balance.RowExtraction (4.6s)
✔ [8965/9172] Built ZiskFv.AirsClean.FullEnsemble.Balance.RangeProviderMatch (3.5s)
✔ [8966/9172] Built ZiskFv.AirsClean.FullEnsemble.Balance.MemAlignRangeProviderMatch (3.5s)
✔ [8967/9172] Built ZiskFv.AirsClean.FullEnsemble.Balance.RegisterStepRangeProviderMatch (3.0s)
✔ [8968/9172] Built ZiskFv.AirsClean.FullEnsemble.Balance.OpBusRowBridges (4.3s)
✔ [8969/9172] Built ZiskFv.AirsClean.FullEnsemble.Balance.MemRowReplayProjections (4.1s)
✔ [8970/9172] Built ZiskFv.AirsClean.FullEnsemble.Balance.TableProjections (9.7s)
✔ [8971/9172] Built ZiskFv.AirsClean.FullEnsemble.Balance.SidecarColumns (3.3s)
✔ [8972/9172] Built ZiskFv.Compliance.Instantiation.ConcreteRowReductions (7.1s)
✔ [8973/9172] Built ZiskFv.AirsClean.FullEnsemble.Balance.RowsBridgeFacts (5.4s)
✔ [8974/9172] Built ZiskFv.Compliance.AcceptedZiskTrace (5.2s)
✔ [8975/9172] Built ZiskFv.Compliance.SdLdMemTable (8.3s)
✔ [8976/9172] Built ZiskFv.Compliance.AcceptedZiskTrace.Spec (2.7s)
✔ [8978/9172] Built ZiskFv.Compliance.AcceptedZiskTrace.MemTable (3.2s)
✔ [8979/9172] Built ZiskFv.Compliance.AcceptedZiskTrace.MemAlignRanges (3.2s)
✔ [8980/9172] Built ZiskFv.Compliance.AcceptedZiskTrace.MemSegmentRanges (3.3s)
✔ [8981/9172] Built ZiskFv.AirsClean.FullEnsemble.Balance.TimelineEvidence (12s)
✔ [8982/9172] Built ZiskFv.AirsClean.FullEnsemble.Balance.EmbeddedInTrace (4.3s)
✔ [9109/9172] Built ZiskFv.Compliance.RegisterMemBusBalance (28s)
✔ [9121/9172] Built ZiskFv.Compliance.SingleAddWitness (4.2s)
